Archive member included because of file (symbol)

c:/altera/12.1sp1/nios2eds/bin/gnu/h-i686-mingw32/bin/../lib/gcc/nios2-elf/4.1.2\libgcc.a(_fixunsdfsi.o)
                              obj/default/src/audio.o (__fixunsdfsi)
c:/altera/12.1sp1/nios2eds/bin/gnu/h-i686-mingw32/bin/../lib/gcc/nios2-elf/4.1.2\libgcc.a(_addsub_df.o)
                              obj/default/src/audio.o (__subdf3)
c:/altera/12.1sp1/nios2eds/bin/gnu/h-i686-mingw32/bin/../lib/gcc/nios2-elf/4.1.2\libgcc.a(_mul_df.o)
                              obj/default/src/audio.o (__muldf3)
c:/altera/12.1sp1/nios2eds/bin/gnu/h-i686-mingw32/bin/../lib/gcc/nios2-elf/4.1.2\libgcc.a(_div_df.o)
                              obj/default/src/audio.o (__divdf3)
c:/altera/12.1sp1/nios2eds/bin/gnu/h-i686-mingw32/bin/../lib/gcc/nios2-elf/4.1.2\libgcc.a(_ge_df.o)
                              obj/default/src/audio.o (__gedf2)
c:/altera/12.1sp1/nios2eds/bin/gnu/h-i686-mingw32/bin/../lib/gcc/nios2-elf/4.1.2\libgcc.a(_le_df.o)
                              obj/default/src/audio.o (__ledf2)
c:/altera/12.1sp1/nios2eds/bin/gnu/h-i686-mingw32/bin/../lib/gcc/nios2-elf/4.1.2\libgcc.a(_si_to_df.o)
                              obj/default/src/audio.o (__floatsidf)
c:/altera/12.1sp1/nios2eds/bin/gnu/h-i686-mingw32/bin/../lib/gcc/nios2-elf/4.1.2\libgcc.a(_df_to_si.o)
                              obj/default/src/audio.o (__fixdfsi)
c:/altera/12.1sp1/nios2eds/bin/gnu/h-i686-mingw32/bin/../lib/gcc/nios2-elf/4.1.2\libgcc.a(_thenan_df.o)
                              c:/altera/12.1sp1/nios2eds/bin/gnu/h-i686-mingw32/bin/../lib/gcc/nios2-elf/4.1.2\libgcc.a(_addsub_df.o) (__thenan_df)
c:/altera/12.1sp1/nios2eds/bin/gnu/h-i686-mingw32/bin/../lib/gcc/nios2-elf/4.1.2\libgcc.a(_usi_to_df.o)
                              obj/default/src/audio.o (__floatunsidf)
c:/altera/12.1sp1/nios2eds/bin/gnu/h-i686-mingw32/bin/../lib/gcc/nios2-elf/4.1.2\libgcc.a(_muldi3.o)
                              c:/altera/12.1sp1/nios2eds/bin/gnu/h-i686-mingw32/bin/../lib/gcc/nios2-elf/4.1.2\libgcc.a(_mul_df.o) (__muldi3)
c:/altera/12.1sp1/nios2eds/bin/gnu/h-i686-mingw32/bin/../lib/gcc/nios2-elf/4.1.2\libgcc.a(_clzsi2.o)
                              c:/altera/12.1sp1/nios2eds/bin/gnu/h-i686-mingw32/bin/../lib/gcc/nios2-elf/4.1.2\libgcc.a(_si_to_df.o) (__clzsi2)
c:/altera/12.1sp1/nios2eds/bin/gnu/h-i686-mingw32/bin/../lib/gcc/nios2-elf/4.1.2\libgcc.a(_pack_df.o)
                              c:/altera/12.1sp1/nios2eds/bin/gnu/h-i686-mingw32/bin/../lib/gcc/nios2-elf/4.1.2\libgcc.a(_addsub_df.o) (__pack_d)
c:/altera/12.1sp1/nios2eds/bin/gnu/h-i686-mingw32/bin/../lib/gcc/nios2-elf/4.1.2\libgcc.a(_unpack_df.o)
                              c:/altera/12.1sp1/nios2eds/bin/gnu/h-i686-mingw32/bin/../lib/gcc/nios2-elf/4.1.2\libgcc.a(_addsub_df.o) (__unpack_d)
c:/altera/12.1sp1/nios2eds/bin/gnu/h-i686-mingw32/bin/../lib/gcc/nios2-elf/4.1.2\libgcc.a(_fpcmp_parts_df.o)
                              c:/altera/12.1sp1/nios2eds/bin/gnu/h-i686-mingw32/bin/../lib/gcc/nios2-elf/4.1.2\libgcc.a(_ge_df.o) (__fpcmp_parts_d)
c:/altera/12.1sp1/nios2eds/bin/gnu/h-i686-mingw32/bin/../lib/gcc/nios2-elf/4.1.2\libgcc.a(_clz.o)
                              c:/altera/12.1sp1/nios2eds/bin/gnu/h-i686-mingw32/bin/../lib/gcc/nios2-elf/4.1.2\libgcc.a(_clzsi2.o) (__clz_tab)
c:/altera/12.1sp1/nios2eds/bin/gnu/h-i686-mingw32/bin/../lib/gcc/nios2-elf/4.1.2/../../../../nios2-elf/lib\libc.a(lib_a-malloc.o)
                              obj/default/src/audio.o (free)
c:/altera/12.1sp1/nios2eds/bin/gnu/h-i686-mingw32/bin/../lib/gcc/nios2-elf/4.1.2/../../../../nios2-elf/lib\libc.a(lib_a-mallocr.o)
                              c:/altera/12.1sp1/nios2eds/bin/gnu/h-i686-mingw32/bin/../lib/gcc/nios2-elf/4.1.2/../../../../nios2-elf/lib\libc.a(lib_a-malloc.o) (_malloc_r)
c:/altera/12.1sp1/nios2eds/bin/gnu/h-i686-mingw32/bin/../lib/gcc/nios2-elf/4.1.2/../../../../nios2-elf/lib\libc.a(lib_a-memcpy.o)
                              obj/default/src/audio.o (memcpy)
c:/altera/12.1sp1/nios2eds/bin/gnu/h-i686-mingw32/bin/../lib/gcc/nios2-elf/4.1.2/../../../../nios2-elf/lib\libc.a(lib_a-memset.o)
                              obj/default/src/audio.o (memset)
c:/altera/12.1sp1/nios2eds/bin/gnu/h-i686-mingw32/bin/../lib/gcc/nios2-elf/4.1.2/../../../../nios2-elf/lib\libc.a(lib_a-printf.o)
                              obj/default/src/audio.o (printf)
c:/altera/12.1sp1/nios2eds/bin/gnu/h-i686-mingw32/bin/../lib/gcc/nios2-elf/4.1.2/../../../../nios2-elf/lib\libc.a(lib_a-putchar.o)
                              obj/default/src/audio.o (putchar)
c:/altera/12.1sp1/nios2eds/bin/gnu/h-i686-mingw32/bin/../lib/gcc/nios2-elf/4.1.2/../../../../nios2-elf/lib\libc.a(lib_a-puts.o)
                              obj/default/src/audio.o (puts)
c:/altera/12.1sp1/nios2eds/bin/gnu/h-i686-mingw32/bin/../lib/gcc/nios2-elf/4.1.2/../../../../nios2-elf/lib\libc.a(lib_a-sbrkr.o)
[...]
Memory Configuration

Name             Origin             Length             Attributes
onchip_memory    0x00000000         0x00001000
reset            0x01000000         0x00000020
sdram            0x01000020         0x007fffe0
*default*        0x00000000         0xffffffff

Linker script and memory map

LOAD ../Module2_bsp//obj/HAL/src/crt0.o
LOAD obj/default/src/audio.o
LOAD obj/default/src/graphics.o
LOAD obj/default/src/main.o
LOAD obj/default/src/vga.o
LOAD c:/altera/12.1sp1/nios2eds/bin/gnu/h-i686-mingw32/bin/../lib/gcc/nios2-elf/4.1.2/../../../../nios2-elf/lib\libstdc++.a
LOAD c:/altera/12.1sp1/nios2eds/bin/gnu/h-i686-mingw32/bin/../lib/gcc/nios2-elf/4.1.2/../../../../nios2-elf/lib\libm.a
LOAD c:/altera/12.1sp1/nios2eds/bin/gnu/h-i686-mingw32/bin/../lib/gcc/nios2-elf/4.1.2\libgcc.a
START GROUP
LOAD c:/altera/12.1sp1/nios2eds/bin/gnu/h-i686-mingw32/bin/../lib/gcc/nios2-elf/4.1.2/../../../../nios2-elf/lib\libc.a
LOAD c:/altera/12.1sp1/nios2eds/bin/gnu/h-i686-mingw32/bin/../lib/gcc/nios2-elf/4.1.2\libgcc.a
LOAD ../Module2_bsp/\libhal_bsp.a
END GROUP
LOAD c:/altera/12.1sp1/nios2eds/bin/gnu/h-i686-mingw32/bin/../lib/gcc/nios2-elf/4.1.2\libgcc.a
                0x00000000                __alt_mem_onchip_memory = 0x0
                0x01000000                __alt_mem_sdram = 0x1000000

.entry          0x01000000       0x20
 *(.entry)
 .entry         0x01000000       0x20 ../Module2_bsp//obj/HAL/src/crt0.o
                0x01000000                __reset

.exceptions     0x01000020      0x198
                0x01000020                PROVIDE (__ram_exceptions_start, ABSOLUTE (.))
                0x01000020                . = ALIGN (0x20)
 *(.irq)
 *(.exceptions.entry.label)
 .exceptions.entry.label
                0x01000020        0x0 ../Module2_bsp/\libhal_bsp.a(alt_irq_entry.o)
                0x01000020                alt_irq_entry
 .exceptions.entry.label
                0x01000020        0x0 ../Module2_bsp/\libhal_bsp.a(alt_exception_entry.o)
                0x01000020                alt_exception
 *(.exceptions.entry.user)
 *(.exceptions.entry)
 .exceptions.entry
                0x01000020       0x54 ../Module2_bsp/\libhal_bsp.a(alt_exception_entry.o)
 *(.exceptions.irqtest.user)
 *(.exceptions.irqtest)
 .exceptions.irqtest
                0x01000074       0x10 ../Module2_bsp/\libhal_bsp.a(alt_irq_entry.o)
 *(.exceptions.irqhandler.user)
 *(.exceptions.irqhandler)
 .exceptions.irqhandler
                0x01000084        0x4 ../Module2_bsp/\libhal_bsp.a(alt_irq_entry.o)
 *(.exceptions.irqreturn.user)
 *(.exceptions.irqreturn)
 .exceptions.irqreturn
                0x01000088        0x4 ../Module2_bsp/\libhal_bsp.a(alt_irq_entry.o)
 *(.exceptions.notirq.label)
 .exceptions.notirq.label
                0x0100008c        0x0 ../Module2_bsp/\libhal_bsp.a(alt_irq_entry.o)
 *(.exceptions.notirq.user)
 *(.exceptions.notirq)
 .exceptions.notirq
                0x0100008c        0x8 ../Module2_bsp/\libhal_bsp.a(alt_exception_entry.o)
 *(.exceptions.soft.user)
 *(.exceptions.soft)
 *(.exceptions.unknown.user)
 *(.exceptions.unknown)
 .exceptions.unknown
                0x01000094        0x4 ../Module2_bsp/\libhal_bsp.a(alt_exception_entry.o)
 *(.exceptions.exit.label)
 .exceptions.exit.label
                0x01000098        0x0 ../Module2_bsp/\libhal_bsp.a(alt_irq_entry.o)
 .exceptions.exit.label
                0x01000098        0x0 ../Module2_bsp/\libhal_bsp.a(alt_exception_entry.o)
 *(.exceptions.exit.user)
 *(.exceptions.exit)
 .exceptions.exit
                0x01000098       0x54 ../Module2_bsp/\libhal_bsp.a(alt_exception_entry.o)
 *(.exceptions)
 .exceptions    0x010000ec       0xcc ../Module2_bsp/\libhal_bsp.a(alt_irq_handler.o)
                0x010000ec                alt_irq_handler
                0x010001b8                PROVIDE (__ram_exceptions_end, ABSOLUTE (.))
                0x01000020                PROVIDE (__flash_exceptions_start, LOADADDR (.exceptions))

.text           0x010001b8    0x17b34
                0x010001b8                PROVIDE (stext, ABSOLUTE (.))
 *(.interp)
 *(.hash)
 *(.dynsym)
 *(.dynstr)
 *(.gnu.version)
 *(.gnu.version_d)
 *(.gnu.version_r)
 *(.rel.init)
 *(.rela.init)
 *(.rel.text .rel.text.* .rel.gnu.linkonce.t.*)
 *(.rela.text .rela.text.* .rela.gnu.linkonce.t.*)
 *(.rel.fini)
 *(.rela.fini)
 *(.rel.rodata .rel.rodata.* .rel.gnu.linkonce.r.*)
 *(.rela.rodata .rela.rodata.* .rela.gnu.linkonce.r.*)
 *(.rel.data .rel.data.* .rel.gnu.linkonce.d.*)
 *(.rela.data .rela.data.* .rela.gnu.linkonce.d.*)
 *(.rel.tdata .rel.tdata.* .rel.gnu.linkonce.td.*)
 *(.rela.tdata .rela.tdata.* .rela.gnu.linkonce.td.*)
 *(.rel.tbss .rel.tbss.* .rel.gnu.linkonce.tb.*)
 *(.rela.tbss .rela.tbss.* .rela.gnu.linkonce.tb.*)
 *(.rel.ctors)
 *(.rela.ctors)
 *(.rel.dtors)
 *(.rela.dtors)
 *(.rel.got)
 *(.rela.got)
 *(.rel.sdata .rel.sdata.* .rel.gnu.linkonce.s.*)
 *(.rela.sdata .rela.sdata.* .rela.gnu.linkonce.s.*)
 *(.rel.sbss .rel.sbss.* .rel.gnu.linkonce.sb.*)
 *(.rela.sbss .rela.sbss.* .rela.gnu.linkonce.sb.*)
 *(.rel.sdata2 .rel.sdata2.* .rel.gnu.linkonce.s2.*)
 *(.rela.sdata2 .rela.sdata2.* .rela.gnu.linkonce.s2.*)
 *(.rel.sbss2 .rel.sbss2.* .rel.gnu.linkonce.sb2.*)
 *(.rela.sbss2 .rela.sbss2.* .rela.gnu.linkonce.sb2.*)
 *(.rel.bss .rel.bss.* .rel.gnu.linkonce.b.*)
 *(.rela.bss .rela.bss.* .rela.gnu.linkonce.b.*)
 *(.rel.plt)
 *(.rela.plt)
 *(.rel.dyn)
 *(.init)
 *(.plt)
 *(.text .stub .text.* .gnu.linkonce.t.*)
 .text          0x010001b8       0x4c ../Module2_bsp//obj/HAL/src/crt0.o
                0x010001b8                _start
 .text          0x01000204     0x34a4 obj/default/src/audio.o
                0x0100039c                av_config_setup
                0x01000420                init_sd
                0x010006b0                init_wav
                0x01000e04                audio_isr
                0x010012dc                selectwavs
                0x010014b8                select_bgm
                0x01001c20                init_rs232
                0x01001c58                send_filenames
                0x01001e34                send_fnames
                0x01001f80                get_fnames
                0x01002060                emulate_ack2
                0x010020c4                clear_fifo
                0x0100210c                wait
                0x01002140                init_timer
                0x010022e4                timer_isr
                0x01002338                start_timer
                0x010023e8                stop_timer
                0x010024a4                volume_adjust
                0x01002630                mix_adjust
                0x01002908                mix_adjust2
                0x01002b84                listen
                0x01003160                get_filenames
                0x01003208                copy_bgm
                0x010032e0                init_copy
                0x010034d0                init_mix
 .text          0x010036a8      0x108 obj/default/src/graphics.o
                0x010036a8                initVGA
                0x01003714                clearForeground
                0x01003744                clearBackground
                0x01003774                updateVGA
 .text          0x010037b0      0x4d4 obj/default/src/main.o
                0x010037b0                main
 .text          0x01003c84       0xa8 obj/default/src/vga.o
                0x01003c84                init_VGA_Pixel
                0x01003ce8                init_VGA_Char
 .text          0x01003d2c       0xa4 c:/altera/12.1sp1/nios2eds/bin/gnu/h-i686-mingw32/bin/../lib/gcc/nios2-elf/4.1.2\libgcc.a(_fixunsdfsi.o)
                0x01003d2c                __fixunsdfsi
 .text          0x01003dd0      0x504 c:/altera/12.1sp1/nios2eds/bin/gnu/h-i686-mingw32/bin/../lib/gcc/nios2-elf/4.1.2\libgcc.a(_addsub_df.o)
                0x010041e0                __subdf3
                0x01004260                __adddf3
 .text          0x010042d4      0x3c4 c:/altera/12.1sp1/nios2eds/bin/gnu/h-i686-mingw32/bin/../lib/gcc/nios2-elf/4.1.2\libgcc.a(_mul_df.o)
                0x010042d4                __muldf3
 .text          0x01004698      0x258 c:/altera/12.1sp1/nios2eds/bin/gnu/h-i686-mingw32/bin/../lib/gcc/nios2-elf/4.1.2\libgcc.a(_div_df.o)
                0x01004698                __divdf3
 .text          0x010048f0       0x88 c:/altera/12.1sp1/nios2eds/bin/gnu/h-i686-mingw32/bin/../lib/gcc/nios2-elf/4.1.2\libgcc.a(_ge_df.o)
                0x010048f0                __gedf2
 .text          0x01004978       0x88 c:/altera/12.1sp1/nios2eds/bin/gnu/h-i686-mingw32/bin/../lib/gcc/nios2-elf/4.1.2\libgcc.a(_le_df.o)
                0x01004978                __ledf2
 .text          0x01004a00       0xf8 c:/altera/12.1sp1/nios2eds/bin/gnu/h-i686-mingw32/bin/../lib/gcc/nios2-elf/4.1.2\libgcc.a(_si_to_df.o)
                0x01004a00                __floatsidf
 .text          0x01004af8       0xd8 c:/altera/12.1sp1/nios2eds/bin/gnu/h-i686-mingw32/bin/../lib/gcc/nios2-elf/4.1.2\libgcc.a(_df_to_si.o)
                0x01004af8                __fixdfsi
 .text          0x01004bd0        0x0 c:/altera/12.1sp1/nios2eds/bin/gnu/h-i686-mingw32/bin/../lib/gcc/nios2-elf/4.1.2\libgcc.a(_thenan_df.o)
 .text          0x01004bd0      0x194 c:/altera/12.1sp1/nios2eds/bin/gnu/h-i686-mingw32/bin/../lib/gcc/nios2-elf/4.1.2\libgcc.a(_usi_to_df.o)
                0x01004bd0                __floatunsidf
 .text          0x01004d64       0x98 c:/altera/12.1sp1/nios2eds/bin/gnu/h-i686-mingw32/bin/../lib/gcc/nios2-elf/4.1.2\libgcc.a(_muldi3.o)
                0x01004d64                __muldi3
 .text          0x01004dfc       0x80 c:/altera/12.1sp1/nios2eds/bin/gnu/h-i686-mingw32/bin/../lib/gcc/nios2-elf/4.1.2\libgcc.a(_clzsi2.o)
                0x01004dfc                __clzsi2
 .text          0x01004e7c      0x314 c:/altera/12.1sp1/nios2eds/bin/gnu/h-i686-mingw32/bin/../lib/gcc/nios2-elf/4.1.2\libgcc.a(_pack_df.o)
                0x01004e7c                __pack_d
 .text          0x01005190      0x138 c:/altera/12.1sp1/nios2eds/bin/gnu/h-i686-mingw32/bin/../lib/gcc/nios2-elf/4.1.2\libgcc.a(_unpack_df.o)
                0x01005190                __unpack_d
 .text          0x010052c8       0xc8 c:/altera/12.1sp1/nios2eds/bin/gnu/h-i686-mingw32/bin/../lib/gcc/nios2-elf/4.1.2\libgcc.a(_fpcmp_parts_df.o)
                0x010052c8                __fpcmp_parts_d
 .text          0x01005390        0x0 c:/altera/12.1sp1/nios2eds/bin/gnu/h-i686-mingw32/bin/../lib/gcc/nios2-elf/4.1.2\libgcc.a(_clz.o)
 .text          0x01005390       0x28 c:/altera/12.1sp1/nios2eds/bin/gnu/h-i686-mingw32/bin/../lib/gcc/nios2-elf/4.1.2/../../../../nios2-elf/lib\libc.a(lib_a-malloc.o)
                0x01005390                free
                0x010053a4                malloc
 .text          0x010053b8      0x740 c:/altera/12.1sp1/nios2eds/bin/gnu/h-i686-mingw32/bin/../lib/gcc/nios2-elf/4.1.2/../../../../nios2-elf/lib\libc.a(lib_a-mallocr.o)
                0x010053b8                _malloc_r
 .text          0x01005af8       0xa0 c:/altera/12.1sp1/nios2eds/bin/gnu/h-i686-mingw32/bin/../lib/gcc/nios2-elf/4.1.2/../../../../nios2-elf/lib\libc.a(lib_a-memcpy.o)
                0x01005af8                memcpy
 .text          0x01005b98       0x98 c:/altera/12.1sp1/nios2eds/bin/gnu/h-i686-mingw32/bin/../lib/gcc/nios2-elf/4.1.2/../../../../nios2-elf/lib\libc.a(lib_a-memset.o)
                0x01005b98                memset
 .text          0x01005c30       0x78 c:/altera/12.1sp1/nios2eds/bin/gnu/h-i686-mingw32/bin/../lib/gcc/nios2-elf/4.1.2/../../../../nios2-elf/lib\libc.a(lib_a-printf.o)
                0x01005c30                printf
                0x01005c74                _printf_r
 .text          0x01005ca8       0x24 c:/altera/12.1sp1/nios2eds/bin/gnu/h-i686-mingw32/bin/../lib/gcc/nios2-elf/4.1.2/../../../../nios2-elf/lib\libc.a(lib_a-putchar.o)
                0x01005ca8                putchar
                0x01005cc4                _putchar_r
 .text          0x01005ccc       0xb4 c:/altera/12.1sp1/nios2eds/bin/gnu/h-i686-mingw32/bin/../lib/gcc/nios2-elf/4.1.2/../../../../nios2-elf/lib\libc.a(lib_a-puts.o)
                0x01005ccc                _puts_r
                0x01005d6c                puts
 .text          0x01005d80       0x70 c:/altera/12.1sp1/nios2eds/bin/gnu/h-i686-mingw32/bin/../lib/gcc/nios2-elf/4.1.2/../../../../nios2-elf/lib\libc.a(lib_a-sbrkr.o)
                0x01005d80                _sbrk_r
 .text          0x01005df0       0xd4 c:/altera/12.1sp1/nios2eds/bin/gnu/h-i686-mingw32/bin/../lib/gcc/nios2-elf/4.1.2/../../../../nios2-elf/lib\libc.a(lib_a-sprintf.o)
                0x01005df0                sprintf
                0x01005e64                _sprintf_r
 .text          0x01005ec4       0x90 c:/altera/12.1sp1/nios2eds/bin/gnu/h-i686-mingw32/bin/../lib/gcc/nios2-elf/4.1.2/../../../../nios2-elf/lib\libc.a(lib_a-strcat.o)
                0x01005ec4                strcat
 .text          0x01005f54       0x8c c:/altera/12.1sp1/nios2eds/bin/gnu/h-i686-mingw32/bin/../lib/gcc/nios2-elf/4.1.2/../../../../nios2-elf/lib\libc.a(lib_a-strcpy.o)
                0x01005f54                strcpy
 .text          0x01005fe0       0x74 c:/altera/12.1sp1/nios2eds/bin/gnu/h-i686-mingw32/bin/../lib/gcc/nios2-elf/4.1.2/../../../../nios2-elf/lib\libc.a(lib_a-strlen.o)
                0x01005fe0                strlen
 .text          0x01006054       0x68 c:/altera/12.1sp1/nios2eds/bin/gnu/h-i686-mingw32/bin/../lib/gcc/nios2-elf/4.1.2/../../../../nios2-elf/lib\libc.a(lib_a-strrchr.o)
                0x01006054                strrchr
 .text          0x010060bc     0x1f28 c:/altera/12.1sp1/nios2eds/bin/gnu/h-i686-mingw32/bin/../lib/gcc/nios2-elf/4.1.2/../../../../nios2-elf/lib\libc.a(lib_a-vfprintf.o)
                0x01006114                ___vfprintf_internal_r
                0x01007fc0                __vfprintf_internal
 .text          0x01007fe4      0x13c c:/altera/12.1sp1/nios2eds/bin/gnu/h-i686-mingw32/bin/../lib/gcc/nios2-elf/4.1.2/../../../../nios2-elf/lib\libc.a(lib_a-wsetup.o)
                0x01007fe4                __swsetup_r
 .text          0x01008120     0x17cc c:/altera/12.1sp1/nios2eds/bin/gnu/h-i686-mingw32/bin/../lib/gcc/nios2-elf/4.1.2/../../../../nios2-elf/lib\libc.a(lib_a-dtoa.o)
                0x01008338                _dtoa_r
 .text          0x010098ec      0x230 c:/altera/12.1sp1/nios2eds/bin/gnu/h-i686-mingw32/bin/../lib/gcc/nios2-elf/4.1.2/../../../../nios2-elf/lib\libc.a(lib_a-fflush.o)
                0x010098ec                _fflush_r
                0x01009ae8                fflush
 .text          0x01009b1c      0x2c0 c:/altera/12.1sp1/nios2eds/bin/gnu/h-i686-mingw32/bin/../lib/gcc/nios2-elf/4.1.2/../../../../nios2-elf/lib\libc.a(lib_a-findfp.o)
                0x01009b74                __sfp_lock_acquire
                0x01009b78                __sfp_lock_release
                0x01009b7c                __sinit_lock_acquire
                0x01009b80                __sinit_lock_release
                0x01009b84                __sinit
                0x01009c38                __fp_unlock_all
                0x01009c50                __fp_lock_all
                0x01009c68                _cleanup_r
                0x01009c74                _cleanup
                0x01009c84                __sfmoreglue
                0x01009cec                __sfp
 .text          0x01009ddc      0x440 c:/altera/12.1sp1/nios2eds/bin/gnu/h-i686-mingw32/bin/../lib/gcc/nios2-elf/4.1.2/../../../../nios2-elf/lib\libc.a(lib_a-freer.o)
                0x01009ddc                _malloc_trim_r
                0x01009f08                _free_r
 .text          0x0100a21c      0x49c c:/altera/12.1sp1/nios2eds/bin/gnu/h-i686-mingw32/bin/../lib/gcc/nios2-elf/4.1.2/../../../../nios2-elf/lib\libc.a(lib_a-fvwrite.o)
                0x0100a21c                __sfvwrite_r
 .text          0x0100a6b8      0x180 c:/altera/12.1sp1/nios2eds/bin/gnu/h-i686-mingw32/bin/../lib/gcc/nios2-elf/4.1.2/../../../../nios2-elf/lib\libc.a(lib_a-fwalk.o)
                0x0100a6b8                _fwalk_reent
                0x0100a780                _fwalk
 .text          0x0100a838        0x0 c:/altera/12.1sp1/nios2eds/bin/gnu/h-i686-mingw32/bin/../lib/gcc/nios2-elf/4.1.2/../../../../nios2-elf/lib\libc.a(lib_a-impure.o)
 .text          0x0100a838        0x0 c:/altera/12.1sp1/nios2eds/bin/gnu/h-i686-mingw32/bin/../lib/gcc/nios2-elf/4.1.2/../../../../nios2-elf/lib\libc.a(lib_a-int_errno.o)
 .text          0x0100a838       0xc4 c:/altera/12.1sp1/nios2eds/bin/gnu/h-i686-mingw32/bin/../lib/gcc/nios2-elf/4.1.2/../../../../nios2-elf/lib\libc.a(lib_a-locale.o)
                0x0100a838                __locale_charset
                0x0100a840                _localeconv_r
                0x0100a84c                localeconv
                0x0100a85c                _setlocale_r
                0x0100a8e0                setlocale
 .text          0x0100a8fc      0x194 c:/altera/12.1sp1/nios2eds/bin/gnu/h-i686-mingw32/bin/../lib/gcc/nios2-elf/4.1.2/../../../../nios2-elf/lib\libc.a(lib_a-makebuf.o)
                0x0100a8fc                __smakebuf_r
 .text          0x0100aa90       0xe4 c:/altera/12.1sp1/nios2eds/bin/gnu/h-i686-mingw32/bin/../lib/gcc/nios2-elf/4.1.2/../../../../nios2-elf/lib\libc.a(lib_a-memchr.o)
                0x0100aa90                memchr
 .text          0x0100ab74       0xe0 c:/altera/12.1sp1/nios2eds/bin/gnu/h-i686-mingw32/bin/../lib/gcc/nios2-elf/4.1.2/../../../../nios2-elf/lib\libc.a(lib_a-memmove.o)
                0x0100ab74                memmove
 .text          0x0100ac54      0xff4 c:/altera/12.1sp1/nios2eds/bin/gnu/h-i686-mingw32/bin/../lib/gcc/nios2-elf/4.1.2/../../../../nios2-elf/lib\libc.a(lib_a-mprec.o)
                0x0100ac54                _Bfree
                0x0100ac7c                __hi0bits
                0x0100acec                __lo0bits
                0x0100adb0                __mcmp
                0x0100ae10                __ulp
                0x0100ae90                __b2d
                0x0100afb0                __ratio
                0x0100b060                _mprec_log10
                0x0100b0f4                __copybits
                0x0100b14c                __any_on
                0x0100b1d4                _Balloc
                0x0100b290                __d2b
                0x0100b40c                __mdiff
                0x0100b598                __lshift
                0x0100b6e4                __multiply
                0x0100b8cc                __i2b
                0x0100b908                __multadd
                0x0100ba08                __pow5mult
                0x0100bb28                __s2b
 .text          0x0100bc48      0x1ec c:/altera/12.1sp1/nios2eds/bin/gnu/h-i686-mingw32/bin/../lib/gcc/nios2-elf/4.1.2/../../../../nios2-elf/lib\libc.a(lib_a-putc.o)
                0x0100bc48                putc
                0x0100bd4c                _putc_r
 .text          0x0100be34      0x5f4 c:/altera/12.1sp1/nios2eds/bin/gnu/h-i686-mingw32/bin/../lib/gcc/nios2-elf/4.1.2/../../../../nios2-elf/lib\libc.a(lib_a-reallocr.o)
                0x0100be34                _realloc_r
 .text          0x0100c428       0x40 c:/altera/12.1sp1/nios2eds/bin/gnu/h-i686-mingw32/bin/../lib/gcc/nios2-elf/4.1.2/../../../../nios2-elf/lib\libc.a(lib_a-s_isinfd.o)
                0x0100c428                __isinfd
 .text          0x0100c468       0x30 c:/altera/12.1sp1/nios2eds/bin/gnu/h-i686-mingw32/bin/../lib/gcc/nios2-elf/4.1.2/../../../../nios2-elf/lib\libc.a(lib_a-s_isnand.o)
                0x0100c468                __isnand
 .text          0x0100c498      0x14c c:/altera/12.1sp1/nios2eds/bin/gnu/h-i686-mingw32/bin/../lib/gcc/nios2-elf/4.1.2/../../../../nios2-elf/lib\libc.a(lib_a-stdio.o)
                0x0100c498                __sclose
                0x0100c4a0                __sseek
                0x0100c508                __swrite
                0x0100c584                __sread
 .text          0x0100c5e4       0xe0 c:/altera/12.1sp1/nios2eds/bin/gnu/h-i686-mingw32/bin/../lib/gcc/nios2-elf/4.1.2/../../../../nios2-elf/lib\libc.a(lib_a-strchr.o)
                0x0100c5e4                strchr
 .text          0x0100c6c4       0xbc c:/altera/12.1sp1/nios2eds/bin/gnu/h-i686-mingw32/bin/../lib/gcc/nios2-elf/4.1.2/../../../../nios2-elf/lib\libc.a(lib_a-strcmp.o)
                0x0100c6c4                strcmp
 .text          0x0100c780      0x14c c:/altera/12.1sp1/nios2eds/bin/gnu/h-i686-mingw32/bin/../lib/gcc/nios2-elf/4.1.2/../../../../nios2-elf/lib\libc.a(lib_a-wbuf.o)
                0x0100c780                __swbuf_r
                0x0100c8b0                __swbuf
 .text          0x0100c8cc       0x78 c:/altera/12.1sp1/nios2eds/bin/gnu/h-i686-mingw32/bin/../lib/gcc/nios2-elf/4.1.2/../../../../nios2-elf/lib\libc.a(lib_a-writer.o)
                0x0100c8cc                _write_r
 .text          0x0100c944       0xb4 c:/altera/12.1sp1/nios2eds/bin/gnu/h-i686-mingw32/bin/../lib/gcc/nios2-elf/4.1.2/../../../../nios2-elf/lib\libc.a(lib_a-callocr.o)
                0x0100c944                _calloc_r
 .text          0x0100c9f8       0x70 c:/altera/12.1sp1/nios2eds/bin/gnu/h-i686-mingw32/bin/../lib/gcc/nios2-elf/4.1.2/../../../../nios2-elf/lib\libc.a(lib_a-closer.o)
                0x0100c9f8                _close_r
 .text          0x0100ca68      0x124 c:/altera/12.1sp1/nios2eds/bin/gnu/h-i686-mingw32/bin/../lib/gcc/nios2-elf/4.1.2/../../../../nios2-elf/lib\libc.a(lib_a-fclose.o)
                0x0100ca68                _fclose_r
                0x0100cb78                fclose
 .text          0x0100cb8c       0x74 c:/altera/12.1sp1/nios2eds/bin/gnu/h-i686-mingw32/bin/../lib/gcc/nios2-elf/4.1.2/../../../../nios2-elf/lib\libc.a(lib_a-fstatr.o)
                0x0100cb8c                _fstat_r
 .text          0x0100cc00       0x70 c:/altera/12.1sp1/nios2eds/bin/gnu/h-i686-mingw32/bin/../lib/gcc/nios2-elf/4.1.2/../../../../nios2-elf/lib\libc.a(lib_a-isattyr.o)
                0x0100cc00                _isatty_r
 .text          0x0100cc70       0x78 c:/altera/12.1sp1/nios2eds/bin/gnu/h-i686-mingw32/bin/../lib/gcc/nios2-elf/4.1.2/../../../../nios2-elf/lib\libc.a(lib_a-lseekr.o)
                0x0100cc70                _lseek_r
 .text          0x0100cce8       0x78 c:/altera/12.1sp1/nios2eds/bin/gnu/h-i686-mingw32/bin/../lib/gcc/nios2-elf/4.1.2/../../../../nios2-elf/lib\libc.a(lib_a-readr.o)
                0x0100cce8                _read_r
 .text          0x0100cd60      0x5dc c:/altera/12.1sp1/nios2eds/bin/gnu/h-i686-mingw32/bin/../lib/gcc/nios2-elf/4.1.2\libgcc.a(_udivdi3.o)
                0x0100cd60                __udivdi3
 .text          0x0100d33c      0x5b0 c:/altera/12.1sp1/nios2eds/bin/gnu/h-i686-mingw32/bin/../lib/gcc/nios2-elf/4.1.2\libgcc.a(_umoddi3.o)
                0x0100d33c                __umoddi3
 .text          0x0100d8ec       0x88 c:/altera/12.1sp1/nios2eds/bin/gnu/h-i686-mingw32/bin/../lib/gcc/nios2-elf/4.1.2\libgcc.a(_eq_df.o)
                0x0100d8ec                __eqdf2
 .text          0x0100d974       0x88 c:/altera/12.1sp1/nios2eds/bin/gnu/h-i686-mingw32/bin/../lib/gcc/nios2-elf/4.1.2\libgcc.a(_ne_df.o)
                0x0100d974                __nedf2
 .text          0x0100d9fc       0x88 c:/altera/12.1sp1/nios2eds/bin/gnu/h-i686-mingw32/bin/../lib/gcc/nios2-elf/4.1.2\libgcc.a(_gt_df.o)
                0x0100d9fc                __gtdf2
 .text          0x0100da84       0x88 c:/altera/12.1sp1/nios2eds/bin/gnu/h-i686-mingw32/bin/../lib/gcc/nios2-elf/4.1.2\libgcc.a(_lt_df.o)
                0x0100da84                __ltdf2
 .text          0x0100db0c      0x14c c:/altera/12.1sp1/nios2eds/bin/gnu/h-i686-mingw32/bin/../lib/gcc/nios2-elf/4.1.2\libgcc.a(lib2-divmod.o)
                0x0100db88                __divsi3
                0x0100dbe8                __modsi3
                0x0100dc48                __udivsi3
                0x0100dc50                __umodsi3
 .text          0x0100dc58      0x15c ../Module2_bsp/\libhal_bsp.a(alt_close.o)
                0x0100dc58                close
 .text          0x0100ddb4       0x2c ../Module2_bsp/\libhal_bsp.a(alt_dev.o)
 .text          0x0100dde0        0x0 ../Module2_bsp/\libhal_bsp.a(alt_errno.o)
 .text          0x0100dde0      0x134 ../Module2_bsp/\libhal_bsp.a(alt_fstat.o)
                0x0100dde0                fstat
 .text          0x0100df14      0x1c0 ../Module2_bsp/\libhal_bsp.a(alt_irq_register.o)
                0x0100df14                alt_irq_register
 .text          0x0100e0d4        0x0 ../Module2_bsp/\libhal_bsp.a(alt_irq_vars.o)
 .text          0x0100e0d4      0x120 ../Module2_bsp/\libhal_bsp.a(alt_isatty.o)
                0x0100e0d4                isatty
 .text          0x0100e1f4       0xec ../Module2_bsp/\libhal_bsp.a(alt_load.o)
                0x0100e1f4                alt_load
 .text          0x0100e2e0      0x150 ../Module2_bsp/\libhal_bsp.a(alt_lseek.o)
                0x0100e2e0                lseek
 .text          0x0100e430       0x6c ../Module2_bsp/\libhal_bsp.a(alt_main.o)
                0x0100e430                alt_main
 .text          0x0100e49c       0x40 ../Module2_bsp/\libhal_bsp.a(alt_malloc_lock.o)
                0x0100e49c                __malloc_lock
                0x0100e4bc                __malloc_unlock
 .text          0x0100e4dc      0x180 ../Module2_bsp/\libhal_bsp.a(alt_read.o)
                0x0100e4dc                read
 .text          0x0100e65c       0x60 ../Module2_bsp/\libhal_bsp.a(alt_release_fd.o)
                0x0100e65c                alt_release_fd
 .text          0x0100e6bc       0xbc ../Module2_bsp/\libhal_bsp.a(alt_sbrk.o)
                0x0100e6bc                sbrk
 .text          0x0100e778       0x30 ../Module2_bsp/\libhal_bsp.a(alt_usleep.o)
                0x0100e778                usleep
 .text          0x0100e7a8      0x180 ../Module2_bsp/\libhal_bsp.a(alt_write.o)
                0x0100e7a8                write
 .text          0x0100e928      0x3cc ../Module2_bsp/\libhal_bsp.a(alt_sys_init.o)
                0x0100e928                alt_irq_init
                0x0100e95c                alt_sys_init
 .text          0x0100ecf4      0x148 ../Module2_bsp/\libhal_bsp.a(altera_avalon_jtag_uart_fd.o)
                0x0100ecf4                altera_avalon_jtag_uart_read_fd
                0x0100ed4c                altera_avalon_jtag_uart_write_fd
                0x0100eda4                altera_avalon_jtag_uart_close_fd
                0x0100edec                altera_avalon_jtag_uart_ioctl_fd
 .text          0x0100ee3c      0x408 ../Module2_bsp/\libhal_bsp.a(altera_avalon_jtag_uart_init.o)
                0x0100ee3c                altera_avalon_jtag_uart_init
                0x0100f1d0                altera_avalon_jtag_uart_close
 .text          0x0100f244       0xf4 ../Module2_bsp/\libhal_bsp.a(altera_avalon_jtag_uart_ioctl.o)
                0x0100f244                altera_avalon_jtag_uart_ioctl
 .text          0x0100f338      0x224 ../Module2_bsp/\libhal_bsp.a(altera_avalon_jtag_uart_read.o)
                0x0100f338                altera_avalon_jtag_uart_read
 .text          0x0100f55c      0x240 ../Module2_bsp/\libhal_bsp.a(altera_avalon_jtag_uart_write.o)
                0x0100f55c                altera_avalon_jtag_uart_write
 .text          0x0100f79c       0xfc ../Module2_bsp/\libhal_bsp.a(altera_avalon_timer_sc.o)
                0x0100f810                alt_avalon_timer_sc_init
 .text          0x0100f898      0x168 ../Module2_bsp/\libhal_bsp.a(altera_avalon_timer_ts.o)
                0x0100f898                alt_timestamp_start
                0x0100f93c                alt_timestamp
                0x0100f9d8                alt_timestamp_freq
 .text          0x0100fa00        0x0 ../Module2_bsp/\libhal_bsp.a(altera_avalon_timer_vars.o)
 .text          0x0100fa00      0x80c ../Module2_bsp/\libhal_bsp.a(altera_up_avalon_audio.o)
                0x0100fa00                alt_up_audio_open_dev
                0x0100fa40                alt_up_audio_enable_read_interrupt
                0x0100fa8c                alt_up_audio_disable_read_interrupt
                0x0100fadc                alt_up_audio_enable_write_interrupt
                0x0100fb28                alt_up_audio_disable_write_interrupt
                0x0100fb78                alt_up_audio_read_interrupt_pending
                0x0100fbb4                alt_up_audio_write_interrupt_pending
                0x0100fbf0                alt_up_audio_reset_audio_core
                0x0100fc78                alt_up_audio_read_fifo_avail
                0x0100fce8                alt_up_audio_record_r
                0x0100fd58                alt_up_audio_record_l
                0x0100fdc8                alt_up_audio_write_fifo_space
                0x0100fe3c                alt_up_audio_play_r
                0x0100feac                alt_up_audio_play_l
                0x0100ff1c                alt_up_audio_read_fifo
                0x01010020                alt_up_audio_write_fifo
                0x0101014c                alt_up_audio_read_fifo_head
                0x010101ac                alt_up_audio_write_fifo_head
 .text          0x0101020c      0x788 ../Module2_bsp/\libhal_bsp.a(altera_up_avalon_audio_and_video_config.o)
                0x0101020c                alt_up_av_config_open_dev
                0x01010270                alt_up_av_config_write_data
                0x010102d4                alt_up_av_config_read_data
                0x01010360                alt_up_av_config_reset
                0x01010398                alt_up_av_config_enable_interrupt
                0x010103d0                alt_up_av_config_disable_interrupt
                0x01010400                alt_up_av_config_read_acknowledge
                0x01010468                alt_up_av_config_read_ready
                0x010104a0                alt_up_av_config_write_audio_cfg_register
                0x0101054c                alt_up_av_config_read_video_cfg_register
                0x01010644                alt_up_av_config_write_video_cfg_register
                0x0101073c                alt_up_av_config_read_DC2_cfg_register
                0x010107a0                alt_up_av_config_write_DC2_cfg_register
                0x01010804                alt_up_av_config_read_D5M_cfg_register
                0x01010868                alt_up_av_config_write_D5M_cfg_register
                0x010108cc                alt_up_av_config_read_LTM_cfg_register
                0x01010930                alt_up_av_config_write_LTM_cfg_register
 .text          0x01010994      0x398 ../Module2_bsp/\libhal_bsp.a(altera_up_avalon_rs232.o)
                0x01010994                alt_up_rs232_enable_read_interrupt
                0x010109e8                alt_up_rs232_disable_read_interrupt
                0x01010a40                alt_up_rs232_get_used_space_in_read_FIFO
                0x01010a7c                alt_up_rs232_get_available_space_in_write_FIFO
                0x01010abc                alt_up_rs232_check_parity
                0x01010b0c                alt_up_rs232_write_data
                0x01010b54                alt_up_rs232_read_data
                0x01010bc8                alt_up_rs232_read_fd
                0x01010c58                alt_up_rs232_write_fd
                0x01010cec                alt_up_rs232_open_dev
 .text          0x01010d2c      0x304 ../Module2_bsp/\libhal_bsp.a(altera_up_avalon_video_character_buffer_with_dma.o)
                0x01010d2c                alt_up_char_buffer_init
                0x01010db0                alt_up_char_buffer_open_dev
                0x01010df0                alt_up_char_buffer_draw
                0x01010ec0                alt_up_char_buffer_string
                0x01010fd4                alt_up_char_buffer_clear
 .text          0x01011030     0x156c ../Module2_bsp/\libhal_bsp.a(altera_up_avalon_video_pixel_buffer_dma.o)
                0x01011030                alt_up_pixel_buffer_dma_open_dev
                0x01011070                alt_up_pixel_buffer_dma_draw
                0x01011210                alt_up_pixel_buffer_dma_change_back_buffer_address
                0x01011268                alt_up_pixel_buffer_dma_swap_buffers
                0x010112c0                alt_up_pixel_buffer_dma_check_swap_buffers_status
                0x010112f4                alt_up_pixel_buffer_dma_clear_screen
                0x01011458                alt_up_pixel_buffer_dma_draw_box
                0x0101194c                alt_up_pixel_buffer_dma_draw_hline
                0x01011c9c                alt_up_pixel_buffer_dma_draw_vline
                0x0101206c                alt_up_pixel_buffer_dma_draw_rectangle
                0x01012130                helper_plot_pixel
                0x01012200                alt_up_pixel_buffer_dma_draw_line
 .text          0x0101259c     0x45b4 ../Module2_bsp/\libhal_bsp.a(altera_up_sd_card_avalon_interface.o)
                0x0101259c                Write_Sector_Data
                0x01012664                Save_Modified_Sector
                0x010126b4                Read_Sector_Data
                0x010127b0                get_cluster_flag
                0x01012868                mark_cluster
                0x0101294c                Check_for_Master_Boot_Record
                0x01012afc                Read_File_Record_At_Offset
                0x01012d80                Write_File_Record_At_Offset
                0x01013038                Check_for_DOS_FAT
                0x01013678                Look_for_FAT16
                0x0101377c                filename_to_upper_case
                0x0101384c                check_file_name_for_FAT16_compliance
                0x01013adc                get_dir_divider_location
                0x01013b9c                match_file_record_to_name_ext
                0x01013e88                get_home_directory_cluster_for_file
                0x0101439c                find_file_in_directory
                0x01014800                find_first_empty_cluster
                0x010149a4                find_first_empty_record_in_a_subdirectory
                0x01014bf0                find_first_empty_record_in_root_directory
                0x01014d1c                convert_filename_to_name_extension
                0x01014ed4                create_file
                0x010151a8                copy_file_record_name_to_string
                0x010152fc                alt_up_sd_card_open_dev
                0x010153c0                alt_up_sd_card_is_Present
                0x01015488                alt_up_sd_card_is_FAT16
                0x010154fc                alt_up_sd_card_find_first
                0x010155d0                alt_up_sd_card_find_next
                0x01015980                alt_up_sd_card_fopen
                0x01015d28                alt_up_sd_card_set_attributes
                0x01015db8                alt_up_sd_card_get_attributes
                0x01015e44                alt_up_sd_card_read
                0x010161d8                alt_up_sd_card_write
                0x010167f8                alt_up_sd_card_fclose
                0x010169c4                Read_Sector_Data_CRC
                0x01016ac0                Read_Sector_Data_Attempt_CRC
 .text          0x01016b50      0x154 ../Module2_bsp/\libhal_bsp.a(alt_alarm_start.o)
                0x01016b50                alt_alarm_start
 .text          0x01016ca4      0x12c ../Module2_bsp/\libhal_bsp.a(alt_busy_sleep.o)
                0x01016ca4                alt_busy_sleep
 .text          0x01016dd0       0x44 ../Module2_bsp/\libhal_bsp.a(alt_dcache_flush_all.o)
                0x01016dd0                alt_dcache_flush_all
 .text          0x01016e14      0x114 ../Module2_bsp/\libhal_bsp.a(alt_dev_llist_insert.o)
                0x01016e14                alt_dev_llist_insert
 .text          0x01016f28       0x64 ../Module2_bsp/\libhal_bsp.a(alt_do_ctors.o)
                0x01016f28                _do_ctors
 .text          0x01016f8c       0x64 ../Module2_bsp/\libhal_bsp.a(alt_do_dtors.o)
                0x01016f8c                _do_dtors
 .text          0x01016ff0       0x94 ../Module2_bsp/\libhal_bsp.a(alt_find_dev.o)
                0x01016ff0                alt_find_dev
 .text          0x01017084       0x30 ../Module2_bsp/\libhal_bsp.a(alt_icache_flush_all.o)
                0x01017084                alt_icache_flush_all
 .text          0x010170b4      0x13c ../Module2_bsp/\libhal_bsp.a(alt_io_redirect.o)
                0x01017178                alt_io_redirect
 .text          0x010171f0        0x0 ../Module2_bsp/\libhal_bsp.a(alt_irq_entry.o)
 .text          0x010171f0        0x0 ../Module2_bsp/\libhal_bsp.a(alt_irq_handler.o)
 .text          0x010171f0      0x2c4 ../Module2_bsp/\libhal_bsp.a(alt_open.o)
                0x010172cc                open
 .text          0x010174b4      0x1a4 ../Module2_bsp/\libhal_bsp.a(alt_tick.o)
                0x010174b4                alt_alarm_stop
                0x0101754c                alt_tick
 .text          0x01017658       0x20 ../Module2_bsp/\libhal_bsp.a(altera_nios2_qsys_irq.o)
                0x01017658                altera_nios2_qsys_irq_init
 .text          0x01017678        0x0 ../Module2_bsp/\libhal_bsp.a(alt_exception_entry.o)
 .text          0x01017678      0x120 ../Module2_bsp/\libhal_bsp.a(alt_find_file.o)
                0x01017678                alt_find_file
 .text          0x01017798       0xb8 ../Module2_bsp/\libhal_bsp.a(alt_get_fd.o)
                0x01017798                alt_get_fd
 .text          0x01017850       0x90 ../Module2_bsp/\libhal_bsp.a(alt_icache_flush.o)
                0x01017850                alt_icache_flush
 .text          0x010178e0       0x14 c:/altera/12.1sp1/nios2eds/bin/gnu/h-i686-mingw32/bin/../lib/gcc/nios2-elf/4.1.2/../../../../nios2-elf/lib\libc.a(lib_a-atexit.o)
                0x010178e0                atexit
 .text          0x010178f4       0x38 c:/altera/12.1sp1/nios2eds/bin/gnu/h-i686-mingw32/bin/../lib/gcc/nios2-elf/4.1.2/../../../../nios2-elf/lib\libc.a(lib_a-exit.o)
                0x010178f4                exit
 .text          0x0101792c       0x74 c:/altera/12.1sp1/nios2eds/bin/gnu/h-i686-mingw32/bin/../lib/gcc/nios2-elf/4.1.2/../../../../nios2-elf/lib\libc.a(lib_a-memcmp.o)
                0x0101792c                memcmp
 .text          0x010179a0      0x134 c:/altera/12.1sp1/nios2eds/bin/gnu/h-i686-mingw32/bin/../lib/gcc/nios2-elf/4.1.2/../../../../nios2-elf/lib\libc.a(lib_a-__atexit.o)
                0x010179a0                __register_exitproc
 .text          0x01017ad4      0x1b4 c:/altera/12.1sp1/nios2eds/bin/gnu/h-i686-mingw32/bin/../lib/gcc/nios2-elf/4.1.2/../../../../nios2-elf/lib\libc.a(lib_a-__call_atexit.o)
                0x01017ad8                __call_exitprocs
 .text          0x01017c88       0x60 ../Module2_bsp/\libhal_bsp.a(alt_exit.o)
                0x01017cc8                _exit
 *(.gnu.warning.*)
 *(.fini)
                0x01017ce8                PROVIDE (__etext, ABSOLUTE (.))
                0x01017ce8                PROVIDE (_etext, ABSOLUTE (.))
                0x01017ce8                PROVIDE (etext, ABSOLUTE (.))
 *(.eh_frame_hdr)
                0x01017ce8                . = ALIGN (0x4)
                0x01017ce8                PROVIDE (__preinit_array_start, ABSOLUTE (.))
 *(.preinit_array)
                0x01017ce8                PROVIDE (__preinit_array_end, ABSOLUTE (.))
                0x01017ce8                PROVIDE (__init_array_start, ABSOLUTE (.))
 *(.init_array)
                0x01017ce8                PROVIDE (__init_array_end, ABSOLUTE (.))
                0x01017ce8                PROVIDE (__fini_array_start, ABSOLUTE (.))
 *(.fini_array)
                0x01017ce8                PROVIDE (__fini_array_end, ABSOLUTE (.))
 *(.eh_frame)
 *(.gcc_except_table)
 *(.dynamic)
                0x01017ce8                PROVIDE (__CTOR_LIST__, ABSOLUTE (.))
 *(.ctors)
 *(SORT(.ctors.*))
 .ctors.65535   0x01017ce8        0x4 c:/altera/12.1sp1/nios2eds/bin/gnu/h-i686-mingw32/bin/../lib/gcc/nios2-elf/4.1.2/../../../../nios2-elf/lib\libc.a(lib_a-__call_atexit.o)
                0x01017cec                PROVIDE (__CTOR_END__, ABSOLUTE (.))
                0x01017cec                PROVIDE (__DTOR_LIST__, ABSOLUTE (.))
 *(.dtors)
 *(SORT(.dtors.*))
                0x01017cec                PROVIDE (__DTOR_END__, ABSOLUTE (.))
 *(.jcr)
                0x01017cec                . = ALIGN (0x4)

.rodata         0x01017cec      0xa6c
                0x01017cec                PROVIDE (__ram_rodata_start, ABSOLUTE (.))
                0x01017cec                . = ALIGN (0x4)
 *(.rodata .rodata.* .gnu.linkonce.r.*)
 .rodata        0x01017cec      0x5b0 obj/default/src/audio.o
 .rodata        0x0101829c       0x18 obj/default/src/graphics.o
 .rodata        0x010182b4       0x98 obj/default/src/main.o
 .rodata        0x0101834c       0x2c obj/default/src/vga.o
 .rodata        0x01018378       0x14 c:/altera/12.1sp1/nios2eds/bin/gnu/h-i686-mingw32/bin/../lib/gcc/nios2-elf/4.1.2\libgcc.a(_thenan_df.o)
                0x01018378                __thenan_df
 .rodata        0x0101838c      0x100 c:/altera/12.1sp1/nios2eds/bin/gnu/h-i686-mingw32/bin/../lib/gcc/nios2-elf/4.1.2\libgcc.a(_clz.o)
                0x0101838c                __clz_tab
 .rodata.str1.4
                0x0101848c        0x2 c:/altera/12.1sp1/nios2eds/bin/gnu/h-i686-mingw32/bin/../lib/gcc/nios2-elf/4.1.2/../../../../nios2-elf/lib\libc.a(lib_a-puts.o)
                                  0x4 (size before relaxing)
 *fill*         0x0101848e        0x2 00
 .rodata.str1.4
                0x01018490       0x5e c:/altera/12.1sp1/nios2eds/bin/gnu/h-i686-mingw32/bin/../lib/gcc/nios2-elf/4.1.2/../../../../nios2-elf/lib\libc.a(lib_a-vfprintf.o)
                                 0x60 (size before relaxing)
 .rodata        0x010184ee       0x20 c:/altera/12.1sp1/nios2eds/bin/gnu/h-i686-mingw32/bin/../lib/gcc/nios2-elf/4.1.2/../../../../nios2-elf/lib\libc.a(lib_a-vfprintf.o)
 *fill*         0x0101850e        0x2 00
 .rodata.str1.4
                0x01018510       0x10 c:/altera/12.1sp1/nios2eds/bin/gnu/h-i686-mingw32/bin/../lib/gcc/nios2-elf/4.1.2/../../../../nios2-elf/lib\libc.a(lib_a-dtoa.o)
                                 0x14 (size before relaxing)
 .rodata.str1.4
                0x01018520        0x2 c:/altera/12.1sp1/nios2eds/bin/gnu/h-i686-mingw32/bin/../lib/gcc/nios2-elf/4.1.2/../../../../nios2-elf/lib\libc.a(lib_a-impure.o)
                                  0x4 (size before relaxing)
 *fill*         0x01018522        0x2 00
 .rodata.str1.4
                0x01018524       0x10 c:/altera/12.1sp1/nios2eds/bin/gnu/h-i686-mingw32/bin/../lib/gcc/nios2-elf/4.1.2/../../../../nios2-elf/lib\libc.a(lib_a-locale.o)
                                 0x18 (size before relaxing)
 .rodata        0x01018534       0x30 c:/altera/12.1sp1/nios2eds/bin/gnu/h-i686-mingw32/bin/../lib/gcc/nios2-elf/4.1.2/../../../../nios2-elf/lib\libc.a(lib_a-locale.o)
 .rodata        0x01018564      0x124 c:/altera/12.1sp1/nios2eds/bin/gnu/h-i686-mingw32/bin/../lib/gcc/nios2-elf/4.1.2/../../../../nios2-elf/lib\libc.a(lib_a-mprec.o)
                0x01018564                __mprec_tens
                0x0101862c                __mprec_bigtens
                0x01018654                __mprec_tinytens
 .rodata        0x01018688        0xc ../Module2_bsp/\libhal_bsp.a(alt_dev.o)
 .rodata        0x01018694       0x10 ../Module2_bsp/\libhal_bsp.a(alt_main.o)
 .rodata        0x010186a4       0x98 ../Module2_bsp/\libhal_bsp.a(alt_sys_init.o)
 .rodata        0x0101873c       0x1c ../Module2_bsp/\libhal_bsp.a(altera_up_avalon_video_character_buffer_with_dma.o)
 *(.rodata1)
                0x01018758                . = ALIGN (0x4)
                0x01018758                PROVIDE (__ram_rodata_end, ABSOLUTE (.))
                0x01017cec                PROVIDE (__flash_rodata_start, LOADADDR (.rodata))

.rwdata         0x01018758     0x1bbc load address 0x0101a314
                0x01018758                PROVIDE (__ram_rwdata_start, ABSOLUTE (.))
                0x01018758                . = ALIGN (0x4)
 *(.got.plt)
 *(.got)
 *(.data1)
 *(.data .data.* .gnu.linkonce.d.*)
 .data          0x01018758        0x0 ../Module2_bsp//obj/HAL/src/crt0.o
 .data          0x01018758        0x0 obj/default/src/audio.o
 .data          0x01018758        0x0 obj/default/src/graphics.o
 .data          0x01018758        0x0 obj/default/src/main.o
 .data          0x01018758        0x0 obj/default/src/vga.o
 .data          0x01018758        0x0 c:/altera/12.1sp1/nios2eds/bin/gnu/h-i686-mingw32/bin/../lib/gcc/nios2-elf/4.1.2\libgcc.a(_fixunsdfsi.o)
 .data          0x01018758        0x0 c:/altera/12.1sp1/nios2eds/bin/gnu/h-i686-mingw32/bin/../lib/gcc/nios2-elf/4.1.2\libgcc.a(_addsub_df.o)
 .data          0x01018758        0x0 c:/altera/12.1sp1/nios2eds/bin/gnu/h-i686-mingw32/bin/../lib/gcc/nios2-elf/4.1.2\libgcc.a(_mul_df.o)
 .data          0x01018758        0x0 c:/altera/12.1sp1/nios2eds/bin/gnu/h-i686-mingw32/bin/../lib/gcc/nios2-elf/4.1.2\libgcc.a(_div_df.o)
 .data          0x01018758        0x0 c:/altera/12.1sp1/nios2eds/bin/gnu/h-i686-mingw32/bin/../lib/gcc/nios2-elf/4.1.2\libgcc.a(_ge_df.o)
 .data          0x01018758        0x0 c:/altera/12.1sp1/nios2eds/bin/gnu/h-i686-mingw32/bin/../lib/gcc/nios2-elf/4.1.2\libgcc.a(_le_df.o)
 .data          0x01018758        0x0 c:/altera/12.1sp1/nios2eds/bin/gnu/h-i686-mingw32/bin/../lib/gcc/nios2-elf/4.1.2\libgcc.a(_si_to_df.o)
 .data          0x01018758        0x0 c:/altera/12.1sp1/nios2eds/bin/gnu/h-i686-mingw32/bin/../lib/gcc/nios2-elf/4.1.2\libgcc.a(_df_to_si.o)
 .data          0x01018758        0x0 c:/altera/12.1sp1/nios2eds/bin/gnu/h-i686-mingw32/bin/../lib/gcc/nios2-elf/4.1.2\libgcc.a(_thenan_df.o)
 .data          0x01018758        0x0 c:/altera/12.1sp1/nios2eds/bin/gnu/h-i686-mingw32/bin/../lib/gcc/nios2-elf/4.1.2\libgcc.a(_usi_to_df.o)
 .data          0x01018758        0x0 c:/altera/12.1sp1/nios2eds/bin/gnu/h-i686-mingw32/bin/../lib/gcc/nios2-elf/4.1.2\libgcc.a(_muldi3.o)
 .data          0x01018758        0x0 c:/altera/12.1sp1/nios2eds/bin/gnu/h-i686-mingw32/bin/../lib/gcc/nios2-elf/4.1.2\libgcc.a(_clzsi2.o)
 .data          0x01018758        0x0 c:/altera/12.1sp1/nios2eds/bin/gnu/h-i686-mingw32/bin/../lib/gcc/nios2-elf/4.1.2\libgcc.a(_pack_df.o)
 .data          0x01018758        0x0 c:/altera/12.1sp1/nios2eds/bin/gnu/h-i686-mingw32/bin/../lib/gcc/nios2-elf/4.1.2\libgcc.a(_unpack_df.o)
 .data          0x01018758        0x0 c:/altera/12.1sp1/nios2eds/bin/gnu/h-i686-mingw32/bin/../lib/gcc/nios2-elf/4.1.2\libgcc.a(_fpcmp_parts_df.o)
 .data          0x01018758        0x0 c:/altera/12.1sp1/nios2eds/bin/gnu/h-i686-mingw32/bin/../lib/gcc/nios2-elf/4.1.2\libgcc.a(_clz.o)
 .data          0x01018758        0x0 c:/altera/12.1sp1/nios2eds/bin/gnu/h-i686-mingw32/bin/../lib/gcc/nios2-elf/4.1.2/../../../../nios2-elf/lib\libc.a(lib_a-malloc.o)
 .data          0x01018758      0x408 c:/altera/12.1sp1/nios2eds/bin/gnu/h-i686-mingw32/bin/../lib/gcc/nios2-elf/4.1.2/../../../../nios2-elf/lib\libc.a(lib_a-mallocr.o)
                0x01018758                __malloc_av_
 .data          0x01018b60        0x0 c:/altera/12.1sp1/nios2eds/bin/gnu/h-i686-mingw32/bin/../lib/gcc/nios2-elf/4.1.2/../../../../nios2-elf/lib\libc.a(lib_a-memcpy.o)
 .data          0x01018b60        0x0 c:/altera/12.1sp1/nios2eds/bin/gnu/h-i686-mingw32/bin/../lib/gcc/nios2-elf/4.1.2/../../../../nios2-elf/lib\libc.a(lib_a-memset.o)
 .data          0x01018b60        0x0 c:/altera/12.1sp1/nios2eds/bin/gnu/h-i686-mingw32/bin/../lib/gcc/nios2-elf/4.1.2/../../../../nios2-elf/lib\libc.a(lib_a-printf.o)
 .data          0x01018b60        0x0 c:/altera/12.1sp1/nios2eds/bin/gnu/h-i686-mingw32/bin/../lib/gcc/nios2-elf/4.1.2/../../../../nios2-elf/lib\libc.a(lib_a-putchar.o)
 .data          0x01018b60        0x0 c:/altera/12.1sp1/nios2eds/bin/gnu/h-i686-mingw32/bin/../lib/gcc/nios2-elf/4.1.2/../../../../nios2-elf/lib\libc.a(lib_a-puts.o)
 .data          0x01018b60        0x0 c:/altera/12.1sp1/nios2eds/bin/gnu/h-i686-mingw32/bin/../lib/gcc/nios2-elf/4.1.2/../../../../nios2-elf/lib\libc.a(lib_a-sbrkr.o)
 .data          0x01018b60        0x0 c:/altera/12.1sp1/nios2eds/bin/gnu/h-i686-mingw32/bin/../lib/gcc/nios2-elf/4.1.2/../../../../nios2-elf/lib\libc.a(lib_a-sprintf.o)
 .data          0x01018b60        0x0 c:/altera/12.1sp1/nios2eds/bin/gnu/h-i686-mingw32/bin/../lib/gcc/nios2-elf/4.1.2/../../../../nios2-elf/lib\libc.a(lib_a-strcat.o)
 .data          0x01018b60        0x0 c:/altera/12.1sp1/nios2eds/bin/gnu/h-i686-mingw32/bin/../lib/gcc/nios2-elf/4.1.2/../../../../nios2-elf/lib\libc.a(lib_a-strcpy.o)
 .data          0x01018b60        0x0 c:/altera/12.1sp1/nios2eds/bin/gnu/h-i686-mingw32/bin/../lib/gcc/nios2-elf/4.1.2/../../../../nios2-elf/lib\libc.a(lib_a-strlen.o)
 .data          0x01018b60        0x0 c:/altera/12.1sp1/nios2eds/bin/gnu/h-i686-mingw32/bin/../lib/gcc/nios2-elf/4.1.2/../../../../nios2-elf/lib\libc.a(lib_a-strrchr.o)
 .data          0x01018b60        0x0 c:/altera/12.1sp1/nios2eds/bin/gnu/h-i686-mingw32/bin/../lib/gcc/nios2-elf/4.1.2/../../../../nios2-elf/lib\libc.a(lib_a-vfprintf.o)
 .data          0x01018b60        0x0 c:/altera/12.1sp1/nios2eds/bin/gnu/h-i686-mingw32/bin/../lib/gcc/nios2-elf/4.1.2/../../../../nios2-elf/lib\libc.a(lib_a-wsetup.o)
 .data          0x01018b60        0x0 c:/altera/12.1sp1/nios2eds/bin/gnu/h-i686-mingw32/bin/../lib/gcc/nios2-elf/4.1.2/../../../../nios2-elf/lib\libc.a(lib_a-dtoa.o)
 .data          0x01018b60        0x0 c:/altera/12.1sp1/nios2eds/bin/gnu/h-i686-mingw32/bin/../lib/gcc/nios2-elf/4.1.2/../../../../nios2-elf/lib\libc.a(lib_a-fflush.o)
 .data          0x01018b60        0x0 c:/altera/12.1sp1/nios2eds/bin/gnu/h-i686-mingw32/bin/../lib/gcc/nios2-elf/4.1.2/../../../../nios2-elf/lib\libc.a(lib_a-findfp.o)
 .data          0x01018b60        0x0 c:/altera/12.1sp1/nios2eds/bin/gnu/h-i686-mingw32/bin/../lib/gcc/nios2-elf/4.1.2/../../../../nios2-elf/lib\libc.a(lib_a-freer.o)
 .data          0x01018b60        0x0 c:/altera/12.1sp1/nios2eds/bin/gnu/h-i686-mingw32/bin/../lib/gcc/nios2-elf/4.1.2/../../../../nios2-elf/lib\libc.a(lib_a-fvwrite.o)
 .data          0x01018b60        0x0 c:/altera/12.1sp1/nios2eds/bin/gnu/h-i686-mingw32/bin/../lib/gcc/nios2-elf/4.1.2/../../../../nios2-elf/lib\libc.a(lib_a-fwalk.o)
 .data          0x01018b60      0x400 c:/altera/12.1sp1/nios2eds/bin/gnu/h-i686-mingw32/bin/../lib/gcc/nios2-elf/4.1.2/../../../../nios2-elf/lib\libc.a(lib_a-impure.o)
 .data          0x01018f60        0x0 c:/altera/12.1sp1/nios2eds/bin/gnu/h-i686-mingw32/bin/../lib/gcc/nios2-elf/4.1.2/../../../../nios2-elf/lib\libc.a(lib_a-int_errno.o)
 .data          0x01018f60        0xc c:/altera/12.1sp1/nios2eds/bin/gnu/h-i686-mingw32/bin/../lib/gcc/nios2-elf/4.1.2/../../../../nios2-elf/lib\libc.a(lib_a-locale.o)
                0x01018f60                __lc_ctype
 .data          0x01018f6c        0x0 c:/altera/12.1sp1/nios2eds/bin/gnu/h-i686-mingw32/bin/../lib/gcc/nios2-elf/4.1.2/../../../../nios2-elf/lib\libc.a(lib_a-makebuf.o)
 .data          0x01018f6c        0x0 c:/altera/12.1sp1/nios2eds/bin/gnu/h-i686-mingw32/bin/../lib/gcc/nios2-elf/4.1.2/../../../../nios2-elf/lib\libc.a(lib_a-memchr.o)
 .data          0x01018f6c        0x0 c:/altera/12.1sp1/nios2eds/bin/gnu/h-i686-mingw32/bin/../lib/gcc/nios2-elf/4.1.2/../../../../nios2-elf/lib\libc.a(lib_a-memmove.o)
 .data          0x01018f6c        0x0 c:/altera/12.1sp1/nios2eds/bin/gnu/h-i686-mingw32/bin/../lib/gcc/nios2-elf/4.1.2/../../../../nios2-elf/lib\libc.a(lib_a-mprec.o)
 .data          0x01018f6c        0x0 c:/altera/12.1sp1/nios2eds/bin/gnu/h-i686-mingw32/bin/../lib/gcc/nios2-elf/4.1.2/../../../../nios2-elf/lib\libc.a(lib_a-putc.o)
 .data          0x01018f6c        0x0 c:/altera/12.1sp1/nios2eds/bin/gnu/h-i686-mingw32/bin/../lib/gcc/nios2-elf/4.1.2/../../../../nios2-elf/lib\libc.a(lib_a-reallocr.o)
 .data          0x01018f6c        0x0 c:/altera/12.1sp1/nios2eds/bin/gnu/h-i686-mingw32/bin/../lib/gcc/nios2-elf/4.1.2/../../../../nios2-elf/lib\libc.a(lib_a-s_isinfd.o)
 .data          0x01018f6c        0x0 c:/altera/12.1sp1/nios2eds/bin/gnu/h-i686-mingw32/bin/../lib/gcc/nios2-elf/4.1.2/../../../../nios2-elf/lib\libc.a(lib_a-s_isnand.o)
 .data          0x01018f6c        0x0 c:/altera/12.1sp1/nios2eds/bin/gnu/h-i686-mingw32/bin/../lib/gcc/nios2-elf/4.1.2/../../../../nios2-elf/lib\libc.a(lib_a-stdio.o)
 .data          0x01018f6c        0x0 c:/altera/12.1sp1/nios2eds/bin/gnu/h-i686-mingw32/bin/../lib/gcc/nios2-elf/4.1.2/../../../../nios2-elf/lib\libc.a(lib_a-strchr.o)
 .data          0x01018f6c        0x0 c:/altera/12.1sp1/nios2eds/bin/gnu/h-i686-mingw32/bin/../lib/gcc/nios2-elf/4.1.2/../../../../nios2-elf/lib\libc.a(lib_a-strcmp.o)
 .data          0x01018f6c        0x0 c:/altera/12.1sp1/nios2eds/bin/gnu/h-i686-mingw32/bin/../lib/gcc/nios2-elf/4.1.2/../../../../nios2-elf/lib\libc.a(lib_a-wbuf.o)
 .data          0x01018f6c        0x0 c:/altera/12.1sp1/nios2eds/bin/gnu/h-i686-mingw32/bin/../lib/gcc/nios2-elf/4.1.2/../../../../nios2-elf/lib\libc.a(lib_a-writer.o)
 .data          0x01018f6c        0x0 c:/altera/12.1sp1/nios2eds/bin/gnu/h-i686-mingw32/bin/../lib/gcc/nios2-elf/4.1.2/../../../../nios2-elf/lib\libc.a(lib_a-callocr.o)
 .data          0x01018f6c        0x0 c:/altera/12.1sp1/nios2eds/bin/gnu/h-i686-mingw32/bin/../lib/gcc/nios2-elf/4.1.2/../../../../nios2-elf/lib\libc.a(lib_a-closer.o)
 .data          0x01018f6c        0x0 c:/altera/12.1sp1/nios2eds/bin/gnu/h-i686-mingw32/bin/../lib/gcc/nios2-elf/4.1.2/../../../../nios2-elf/lib\libc.a(lib_a-fclose.o)
 .data          0x01018f6c        0x0 c:/altera/12.1sp1/nios2eds/bin/gnu/h-i686-mingw32/bin/../lib/gcc/nios2-elf/4.1.2/../../../../nios2-elf/lib\libc.a(lib_a-fstatr.o)
 .data          0x01018f6c        0x0 c:/altera/12.1sp1/nios2eds/bin/gnu/h-i686-mingw32/bin/../lib/gcc/nios2-elf/4.1.2/../../../../nios2-elf/lib\libc.a(lib_a-isattyr.o)
 .data          0x01018f6c        0x0 c:/altera/12.1sp1/nios2eds/bin/gnu/h-i686-mingw32/bin/../lib/gcc/nios2-elf/4.1.2/../../../../nios2-elf/lib\libc.a(lib_a-lseekr.o)
 .data          0x01018f6c        0x0 c:/altera/12.1sp1/nios2eds/bin/gnu/h-i686-mingw32/bin/../lib/gcc/nios2-elf/4.1.2/../../../../nios2-elf/lib\libc.a(lib_a-readr.o)
 .data          0x01018f6c        0x0 c:/altera/12.1sp1/nios2eds/bin/gnu/h-i686-mingw32/bin/../lib/gcc/nios2-elf/4.1.2\libgcc.a(_udivdi3.o)
 .data          0x01018f6c        0x0 c:/altera/12.1sp1/nios2eds/bin/gnu/h-i686-mingw32/bin/../lib/gcc/nios2-elf/4.1.2\libgcc.a(_umoddi3.o)
 .data          0x01018f6c        0x0 c:/altera/12.1sp1/nios2eds/bin/gnu/h-i686-mingw32/bin/../lib/gcc/nios2-elf/4.1.2\libgcc.a(_eq_df.o)
 .data          0x01018f6c        0x0 c:/altera/12.1sp1/nios2eds/bin/gnu/h-i686-mingw32/bin/../lib/gcc/nios2-elf/4.1.2\libgcc.a(_ne_df.o)
 .data          0x01018f6c        0x0 c:/altera/12.1sp1/nios2eds/bin/gnu/h-i686-mingw32/bin/../lib/gcc/nios2-elf/4.1.2\libgcc.a(_gt_df.o)
 .data          0x01018f6c        0x0 c:/altera/12.1sp1/nios2eds/bin/gnu/h-i686-mingw32/bin/../lib/gcc/nios2-elf/4.1.2\libgcc.a(_lt_df.o)
 .data          0x01018f6c        0x0 c:/altera/12.1sp1/nios2eds/bin/gnu/h-i686-mingw32/bin/../lib/gcc/nios2-elf/4.1.2\libgcc.a(lib2-divmod.o)
 .data          0x01018f6c        0x0 ../Module2_bsp/\libhal_bsp.a(alt_close.o)
 .data          0x01018f6c      0x1a8 ../Module2_bsp/\libhal_bsp.a(alt_dev.o)
                0x01018f6c                alt_dev_null
                0x01018f94                alt_fd_list
 .data          0x01019114        0x0 ../Module2_bsp/\libhal_bsp.a(alt_errno.o)
 .data          0x01019114        0x0 ../Module2_bsp/\libhal_bsp.a(alt_fstat.o)
 .data          0x01019114        0x0 ../Module2_bsp/\libhal_bsp.a(alt_irq_register.o)
 .data          0x01019114        0x0 ../Module2_bsp/\libhal_bsp.a(alt_irq_vars.o)
 .data          0x01019114        0x0 ../Module2_bsp/\libhal_bsp.a(alt_isatty.o)
 .data          0x01019114        0x0 ../Module2_bsp/\libhal_bsp.a(alt_load.o)
 .data          0x01019114        0x0 ../Module2_bsp/\libhal_bsp.a(alt_lseek.o)
 .data          0x01019114        0x0 ../Module2_bsp/\libhal_bsp.a(alt_main.o)
 .data          0x01019114        0x0 ../Module2_bsp/\libhal_bsp.a(alt_malloc_lock.o)
 .data          0x01019114        0x0 ../Module2_bsp/\libhal_bsp.a(alt_read.o)
 .data          0x01019114        0x0 ../Module2_bsp/\libhal_bsp.a(alt_release_fd.o)
 .data          0x01019114        0x0 ../Module2_bsp/\libhal_bsp.a(alt_sbrk.o)
 .data          0x01019114        0x0 ../Module2_bsp/\libhal_bsp.a(alt_usleep.o)
 .data          0x01019114        0x0 ../Module2_bsp/\libhal_bsp.a(alt_write.o)
 .data          0x01019114     0x11b4 ../Module2_bsp/\libhal_bsp.a(alt_sys_init.o)
 .data          0x0101a2c8        0x0 ../Module2_bsp/\libhal_bsp.a(altera_avalon_jtag_uart_fd.o)
 .data          0x0101a2c8        0x0 ../Module2_bsp/\libhal_bsp.a(altera_avalon_jtag_uart_init.o)
 .data          0x0101a2c8        0x0 ../Module2_bsp/\libhal_bsp.a(altera_avalon_jtag_uart_ioctl.o)
 .data          0x0101a2c8        0x0 ../Module2_bsp/\libhal_bsp.a(altera_avalon_jtag_uart_read.o)
 .data          0x0101a2c8        0x0 ../Module2_bsp/\libhal_bsp.a(altera_avalon_jtag_uart_write.o)
 .data          0x0101a2c8        0x0 ../Module2_bsp/\libhal_bsp.a(altera_avalon_timer_sc.o)
 .data          0x0101a2c8        0x0 ../Module2_bsp/\libhal_bsp.a(altera_avalon_timer_ts.o)
 .data          0x0101a2c8        0x0 ../Module2_bsp/\libhal_bsp.a(altera_avalon_timer_vars.o)
 .data          0x0101a2c8        0x0 ../Module2_bsp/\libhal_bsp.a(altera_up_avalon_audio.o)
 .data          0x0101a2c8        0x0 ../Module2_bsp/\libhal_bsp.a(altera_up_avalon_audio_and_video_config.o)
 .data          0x0101a2c8        0x0 ../Module2_bsp/\libhal_bsp.a(altera_up_avalon_rs232.o)
 .data          0x0101a2c8        0x0 ../Module2_bsp/\libhal_bsp.a(altera_up_avalon_video_character_buffer_with_dma.o)
 .data          0x0101a2c8        0x0 ../Module2_bsp/\libhal_bsp.a(altera_up_avalon_video_pixel_buffer_dma.o)
 .data          0x0101a2c8        0x0 ../Module2_bsp/\libhal_bsp.a(altera_up_sd_card_avalon_interface.o)
 .data          0x0101a2c8        0x0 ../Module2_bsp/\libhal_bsp.a(alt_alarm_start.o)
 .data          0x0101a2c8        0x0 ../Module2_bsp/\libhal_bsp.a(alt_busy_sleep.o)
 .data          0x0101a2c8        0x0 ../Module2_bsp/\libhal_bsp.a(alt_dcache_flush_all.o)
 .data          0x0101a2c8        0x0 ../Module2_bsp/\libhal_bsp.a(alt_dev_llist_insert.o)
 .data          0x0101a2c8        0x0 ../Module2_bsp/\libhal_bsp.a(alt_do_ctors.o)
 .data          0x0101a2c8        0x0 ../Module2_bsp/\libhal_bsp.a(alt_do_dtors.o)
 .data          0x0101a2c8        0x0 ../Module2_bsp/\libhal_bsp.a(alt_find_dev.o)
 .data          0x0101a2c8        0x0 ../Module2_bsp/\libhal_bsp.a(alt_icache_flush_all.o)
 .data          0x0101a2c8        0x0 ../Module2_bsp/\libhal_bsp.a(alt_io_redirect.o)
 .data          0x0101a2c8        0x0 ../Module2_bsp/\libhal_bsp.a(alt_irq_entry.o)
 .data          0x0101a2c8        0x0 ../Module2_bsp/\libhal_bsp.a(alt_irq_handler.o)
 .data          0x0101a2c8        0x0 ../Module2_bsp/\libhal_bsp.a(alt_open.o)
 .data          0x0101a2c8        0x0 ../Module2_bsp/\libhal_bsp.a(alt_tick.o)
 .data          0x0101a2c8        0x0 ../Module2_bsp/\libhal_bsp.a(altera_nios2_qsys_irq.o)
 .data          0x0101a2c8        0x0 ../Module2_bsp/\libhal_bsp.a(alt_exception_entry.o)
 .data          0x0101a2c8        0x0 ../Module2_bsp/\libhal_bsp.a(alt_find_file.o)
 .data          0x0101a2c8        0x0 ../Module2_bsp/\libhal_bsp.a(alt_get_fd.o)
 .data          0x0101a2c8        0x0 ../Module2_bsp/\libhal_bsp.a(alt_icache_flush.o)
 .data          0x0101a2c8        0x0 c:/altera/12.1sp1/nios2eds/bin/gnu/h-i686-mingw32/bin/../lib/gcc/nios2-elf/4.1.2/../../../../nios2-elf/lib\libc.a(lib_a-atexit.o)
 .data          0x0101a2c8        0x0 c:/altera/12.1sp1/nios2eds/bin/gnu/h-i686-mingw32/bin/../lib/gcc/nios2-elf/4.1.2/../../../../nios2-elf/lib\libc.a(lib_a-exit.o)
 .data          0x0101a2c8        0x0 c:/altera/12.1sp1/nios2eds/bin/gnu/h-i686-mingw32/bin/../lib/gcc/nios2-elf/4.1.2/../../../../nios2-elf/lib\libc.a(lib_a-memcmp.o)
 .data          0x0101a2c8        0x0 c:/altera/12.1sp1/nios2eds/bin/gnu/h-i686-mingw32/bin/../lib/gcc/nios2-elf/4.1.2/../../../../nios2-elf/lib\libc.a(lib_a-__atexit.o)
 .data          0x0101a2c8        0x0 c:/altera/12.1sp1/nios2eds/bin/gnu/h-i686-mingw32/bin/../lib/gcc/nios2-elf/4.1.2/../../../../nios2-elf/lib\libc.a(lib_a-__call_atexit.o)
 .data          0x0101a2c8        0x0 ../Module2_bsp/\libhal_bsp.a(alt_exit.o)
                0x010222c8                _gp = ABSOLUTE ((. + 0x8000))
                0x010222c8                PROVIDE (gp, _gp)
 *(.rwdata .rwdata.*)
 *(.sdata .sdata.* .gnu.linkonce.s.*)
 .sdata         0x0101a2c8        0xc obj/default/src/audio.o
                0x0101a2c8                VOL_SET
                0x0101a2cc                fifo_isr
                0x0101a2d0                songloop
 .sdata         0x0101a2d4        0x8 c:/altera/12.1sp1/nios2eds/bin/gnu/h-i686-mingw32/bin/../lib/gcc/nios2-elf/4.1.2/../../../../nios2-elf/lib\libc.a(lib_a-mallocr.o)
                0x0101a2d4                __malloc_trim_threshold
                0x0101a2d8                __malloc_sbrk_base
 .sdata         0x0101a2dc        0x8 c:/altera/12.1sp1/nios2eds/bin/gnu/h-i686-mingw32/bin/../lib/gcc/nios2-elf/4.1.2/../../../../nios2-elf/lib\libc.a(lib_a-impure.o)
                0x0101a2dc                _impure_ptr
                0x0101a2e0                _global_impure_ptr
 .sdata         0x0101a2e4        0x8 c:/altera/12.1sp1/nios2eds/bin/gnu/h-i686-mingw32/bin/../lib/gcc/nios2-elf/4.1.2/../../../../nios2-elf/lib\libc.a(lib_a-locale.o)
                0x0101a2e4                __mb_cur_max
 .sdata         0x0101a2ec       0x14 ../Module2_bsp/\libhal_bsp.a(alt_dev.o)
                0x0101a2ec                alt_fs_list
                0x0101a2f4                alt_dev_list
                0x0101a2fc                alt_max_fd
 .sdata         0x0101a300        0x4 ../Module2_bsp/\libhal_bsp.a(alt_errno.o)
                0x0101a300                alt_errno
 .sdata         0x0101a304        0x4 ../Module2_bsp/\libhal_bsp.a(alt_irq_vars.o)
                0x0101a304                alt_priority_mask
 .sdata         0x0101a308        0x4 ../Module2_bsp/\libhal_bsp.a(alt_sbrk.o)
 .sdata         0x0101a30c        0x8 ../Module2_bsp/\libhal_bsp.a(alt_tick.o)
                0x0101a30c                alt_alarm_list
 *(.sdata2 .sdata2.* .gnu.linkonce.s2.*)
                0x0101a314                . = ALIGN (0x4)
                0x0101a314                _edata = ABSOLUTE (.)
                0x0101a314                PROVIDE (edata, ABSOLUTE (.))
                0x0101a314                PROVIDE (__ram_rwdata_end, ABSOLUTE (.))
                0x0101a314                PROVIDE (__flash_rwdata_start, LOADADDR (.rwdata))

.bss            0x0101bed0      0xafc
                0x0101bed0                __bss_start = ABSOLUTE (.)
                0x0101bed0                PROVIDE (__sbss_start, ABSOLUTE (.))
                0x0101bed0                PROVIDE (___sbss_start, ABSOLUTE (.))
 *(.dynsbss)
 *(.sbss .sbss.* .gnu.linkonce.sb.*)
 .sbss          0x0101bed0       0x44 obj/default/src/audio.o
                0x0101bed0                sound_file
                0x0101bed4                size_of_sound
                0x0101bed8                turn
                0x0101bedc                arrow_x
                0x0101bee0                onetime
                0x0101bee4                emulate_temp
                0x0101bee8                isr_index
                0x0101beec                rs_flag
                0x0101bef0                logonce
                0x0101bef4                copyonce
                0x0101bef8                printfcounter
                0x0101befc                ampflag
                0x0101bf00                ampcounter
                0x0101bf04                visualflag
                0x0101bf08                seek
                0x0101bf0c                tempcounter
                0x0101bf10                few
 .sbss          0x0101bf14       0x64 obj/default/src/audio.o
                0x0101bf14                parity
                0x0101bf18                laser_isr
                0x0101bf1c                fart_isr
                0x0101bf20                pew_isr
                0x0101bf24                arr
                0x0101bf28                dis_isr
                0x0101bf2c                char_buffer
                0x0101bf30                audio_log
                0x0101bf34                fname
                0x0101bf38                audio_isr_k
                0x0101bf3c                arrow_y
                0x0101bf40                mixedcopy
                0x0101bf44                copyarr
                0x0101bf48                wind
                0x0101bf4c                audio_isr_2
                0x0101bf50                shot_isr
                0x0101bf54                data
                0x0101bf58                oldvolume
                0x0101bf5c                impact_isr
                0x0101bf60                audio
                0x0101bf64                pixel_buffer
                0x0101bf68                bgm
                0x0101bf6c                uart
                0x0101bf70                time_of_sound
                0x0101bf74                arrow_index
 .sbss          0x0101bf78        0xc c:/altera/12.1sp1/nios2eds/bin/gnu/h-i686-mingw32/bin/../lib/gcc/nios2-elf/4.1.2/../../../../nios2-elf/lib\libc.a(lib_a-mallocr.o)
                0x0101bf78                __malloc_top_pad
                0x0101bf7c                __malloc_max_sbrked_mem
                0x0101bf80                __malloc_max_total_mem
 .sbss          0x0101bf84        0x4 c:/altera/12.1sp1/nios2eds/bin/gnu/h-i686-mingw32/bin/../lib/gcc/nios2-elf/4.1.2/../../../../nios2-elf/lib\libc.a(lib_a-int_errno.o)
                0x0101bf84                errno
 .sbss          0x0101bf88        0xc c:/altera/12.1sp1/nios2eds/bin/gnu/h-i686-mingw32/bin/../lib/gcc/nios2-elf/4.1.2/../../../../nios2-elf/lib\libc.a(lib_a-locale.o)
                0x0101bf88                __nlocale_changed
                0x0101bf8c                __mlocale_changed
                0x0101bf90                _PathLocale
 .sbss          0x0101bf94        0x4 ../Module2_bsp/\libhal_bsp.a(alt_irq_vars.o)
                0x0101bf94                alt_irq_active
 .sbss          0x0101bf98        0xc ../Module2_bsp/\libhal_bsp.a(alt_main.o)
                0x0101bf98                alt_argc
                0x0101bf9c                alt_argv
                0x0101bfa0                alt_envp
 .sbss          0x0101bfa4        0x8 ../Module2_bsp/\libhal_bsp.a(altera_avalon_timer_vars.o)
                0x0101bfa4                altera_avalon_timer_ts_base
                0x0101bfa8                altera_avalon_timer_ts_freq
 .sbss          0x0101bfac       0x34 ../Module2_bsp/\libhal_bsp.a(altera_up_sd_card_avalon_interface.o)
                0x0101bfac                initialized
                0x0101bfb0                is_sd_card_formated_as_FAT16
                0x0101bfb4                aux_status_register
                0x0101bfb8                status_register
                0x0101bfbc                CSD_register_w0
                0x0101bfc0                command_register
                0x0101bfc4                command_argument_register
                0x0101bfc8                buffer_memory
                0x0101bfcc                fat_partition_offset_in_512_byte_sectors
                0x0101bfd0                fat_partition_size_in_512_byte_sectors
                0x0101bfd4                device_pointer
                0x0101bfd8                current_sector_modified
                0x0101bfdc                current_sector_index
 .sbss          0x0101bfe0        0x8 ../Module2_bsp/\libhal_bsp.a(alt_tick.o)
                0x0101bfe0                _alt_tick_rate
                0x0101bfe4                _alt_nticks
 *(.sbss2 .sbss2.* .gnu.linkonce.sb2.*)
 *(.scommon)
                0x0101bfe8                PROVIDE (__sbss_end, ABSOLUTE (.))
                0x0101bfe8                PROVIDE (___sbss_end, ABSOLUTE (.))
 *(.dynbss)
 *(.bss .bss.* .gnu.linkonce.b.*)
 .bss           0x0101bfe8        0x0 ../Module2_bsp//obj/HAL/src/crt0.o
 .bss           0x0101bfe8      0x1c4 obj/default/src/audio.o
                0x0101bfe8                audiosize
                0x0101c038                sizeisr
                0x0101c088                audiosecs
                0x0101c0d8                fifo_buffer
                0x0101c15c                queue
 .bss           0x0101c1ac        0x0 obj/default/src/graphics.o
 .bss           0x0101c1ac        0x0 obj/default/src/main.o
 .bss           0x0101c1ac        0x0 obj/default/src/vga.o
 .bss           0x0101c1ac        0x0 c:/altera/12.1sp1/nios2eds/bin/gnu/h-i686-mingw32/bin/../lib/gcc/nios2-elf/4.1.2\libgcc.a(_fixunsdfsi.o)
 .bss           0x0101c1ac        0x0 c:/altera/12.1sp1/nios2eds/bin/gnu/h-i686-mingw32/bin/../lib/gcc/nios2-elf/4.1.2\libgcc.a(_addsub_df.o)
 .bss           0x0101c1ac        0x0 c:/altera/12.1sp1/nios2eds/bin/gnu/h-i686-mingw32/bin/../lib/gcc/nios2-elf/4.1.2\libgcc.a(_mul_df.o)
 .bss           0x0101c1ac        0x0 c:/altera/12.1sp1/nios2eds/bin/gnu/h-i686-mingw32/bin/../lib/gcc/nios2-elf/4.1.2\libgcc.a(_div_df.o)
 .bss           0x0101c1ac        0x0 c:/altera/12.1sp1/nios2eds/bin/gnu/h-i686-mingw32/bin/../lib/gcc/nios2-elf/4.1.2\libgcc.a(_ge_df.o)
 .bss           0x0101c1ac        0x0 c:/altera/12.1sp1/nios2eds/bin/gnu/h-i686-mingw32/bin/../lib/gcc/nios2-elf/4.1.2\libgcc.a(_le_df.o)
 .bss           0x0101c1ac        0x0 c:/altera/12.1sp1/nios2eds/bin/gnu/h-i686-mingw32/bin/../lib/gcc/nios2-elf/4.1.2\libgcc.a(_si_to_df.o)
 .bss           0x0101c1ac        0x0 c:/altera/12.1sp1/nios2eds/bin/gnu/h-i686-mingw32/bin/../lib/gcc/nios2-elf/4.1.2\libgcc.a(_df_to_si.o)
 .bss           0x0101c1ac        0x0 c:/altera/12.1sp1/nios2eds/bin/gnu/h-i686-mingw32/bin/../lib/gcc/nios2-elf/4.1.2\libgcc.a(_thenan_df.o)
 .bss           0x0101c1ac        0x0 c:/altera/12.1sp1/nios2eds/bin/gnu/h-i686-mingw32/bin/../lib/gcc/nios2-elf/4.1.2\libgcc.a(_usi_to_df.o)
 .bss           0x0101c1ac        0x0 c:/altera/12.1sp1/nios2eds/bin/gnu/h-i686-mingw32/bin/../lib/gcc/nios2-elf/4.1.2\libgcc.a(_muldi3.o)
 .bss           0x0101c1ac        0x0 c:/altera/12.1sp1/nios2eds/bin/gnu/h-i686-mingw32/bin/../lib/gcc/nios2-elf/4.1.2\libgcc.a(_clzsi2.o)
 .bss           0x0101c1ac        0x0 c:/altera/12.1sp1/nios2eds/bin/gnu/h-i686-mingw32/bin/../lib/gcc/nios2-elf/4.1.2\libgcc.a(_pack_df.o)
 .bss           0x0101c1ac        0x0 c:/altera/12.1sp1/nios2eds/bin/gnu/h-i686-mingw32/bin/../lib/gcc/nios2-elf/4.1.2\libgcc.a(_unpack_df.o)
 .bss           0x0101c1ac        0x0 c:/altera/12.1sp1/nios2eds/bin/gnu/h-i686-mingw32/bin/../lib/gcc/nios2-elf/4.1.2\libgcc.a(_fpcmp_parts_df.o)
 .bss           0x0101c1ac        0x0 c:/altera/12.1sp1/nios2eds/bin/gnu/h-i686-mingw32/bin/../lib/gcc/nios2-elf/4.1.2\libgcc.a(_clz.o)
 .bss           0x0101c1ac        0x0 c:/altera/12.1sp1/nios2eds/bin/gnu/h-i686-mingw32/bin/../lib/gcc/nios2-elf/4.1.2/../../../../nios2-elf/lib\libc.a(lib_a-malloc.o)
 .bss           0x0101c1ac       0x28 c:/altera/12.1sp1/nios2eds/bin/gnu/h-i686-mingw32/bin/../lib/gcc/nios2-elf/4.1.2/../../../../nios2-elf/lib\libc.a(lib_a-mallocr.o)
                0x0101c1ac                __malloc_current_mallinfo
 .bss           0x0101c1d4        0x0 c:/altera/12.1sp1/nios2eds/bin/gnu/h-i686-mingw32/bin/../lib/gcc/nios2-elf/4.1.2/../../../../nios2-elf/lib\libc.a(lib_a-memcpy.o)
 .bss           0x0101c1d4        0x0 c:/altera/12.1sp1/nios2eds/bin/gnu/h-i686-mingw32/bin/../lib/gcc/nios2-elf/4.1.2/../../../../nios2-elf/lib\libc.a(lib_a-memset.o)
 .bss           0x0101c1d4        0x0 c:/altera/12.1sp1/nios2eds/bin/gnu/h-i686-mingw32/bin/../lib/gcc/nios2-elf/4.1.2/../../../../nios2-elf/lib\libc.a(lib_a-printf.o)
 .bss           0x0101c1d4        0x0 c:/altera/12.1sp1/nios2eds/bin/gnu/h-i686-mingw32/bin/../lib/gcc/nios2-elf/4.1.2/../../../../nios2-elf/lib\libc.a(lib_a-putchar.o)
 .bss           0x0101c1d4        0x0 c:/altera/12.1sp1/nios2eds/bin/gnu/h-i686-mingw32/bin/../lib/gcc/nios2-elf/4.1.2/../../../../nios2-elf/lib\libc.a(lib_a-puts.o)
 .bss           0x0101c1d4        0x0 c:/altera/12.1sp1/nios2eds/bin/gnu/h-i686-mingw32/bin/../lib/gcc/nios2-elf/4.1.2/../../../../nios2-elf/lib\libc.a(lib_a-sbrkr.o)
 .bss           0x0101c1d4        0x0 c:/altera/12.1sp1/nios2eds/bin/gnu/h-i686-mingw32/bin/../lib/gcc/nios2-elf/4.1.2/../../../../nios2-elf/lib\libc.a(lib_a-sprintf.o)
 .bss           0x0101c1d4        0x0 c:/altera/12.1sp1/nios2eds/bin/gnu/h-i686-mingw32/bin/../lib/gcc/nios2-elf/4.1.2/../../../../nios2-elf/lib\libc.a(lib_a-strcat.o)
 .bss           0x0101c1d4        0x0 c:/altera/12.1sp1/nios2eds/bin/gnu/h-i686-mingw32/bin/../lib/gcc/nios2-elf/4.1.2/../../../../nios2-elf/lib\libc.a(lib_a-strcpy.o)
 .bss           0x0101c1d4        0x0 c:/altera/12.1sp1/nios2eds/bin/gnu/h-i686-mingw32/bin/../lib/gcc/nios2-elf/4.1.2/../../../../nios2-elf/lib\libc.a(lib_a-strlen.o)
 .bss           0x0101c1d4        0x0 c:/altera/12.1sp1/nios2eds/bin/gnu/h-i686-mingw32/bin/../lib/gcc/nios2-elf/4.1.2/../../../../nios2-elf/lib\libc.a(lib_a-strrchr.o)
 .bss           0x0101c1d4        0x0 c:/altera/12.1sp1/nios2eds/bin/gnu/h-i686-mingw32/bin/../lib/gcc/nios2-elf/4.1.2/../../../../nios2-elf/lib\libc.a(lib_a-vfprintf.o)
 .bss           0x0101c1d4        0x0 c:/altera/12.1sp1/nios2eds/bin/gnu/h-i686-mingw32/bin/../lib/gcc/nios2-elf/4.1.2/../../../../nios2-elf/lib\libc.a(lib_a-wsetup.o)
 .bss           0x0101c1d4        0x0 c:/altera/12.1sp1/nios2eds/bin/gnu/h-i686-mingw32/bin/../lib/gcc/nios2-elf/4.1.2/../../../../nios2-elf/lib\libc.a(lib_a-dtoa.o)
 .bss           0x0101c1d4        0x0 c:/altera/12.1sp1/nios2eds/bin/gnu/h-i686-mingw32/bin/../lib/gcc/nios2-elf/4.1.2/../../../../nios2-elf/lib\libc.a(lib_a-fflush.o)
 .bss           0x0101c1d4        0x0 c:/altera/12.1sp1/nios2eds/bin/gnu/h-i686-mingw32/bin/../lib/gcc/nios2-elf/4.1.2/../../../../nios2-elf/lib\libc.a(lib_a-findfp.o)
 .bss           0x0101c1d4        0x0 c:/altera/12.1sp1/nios2eds/bin/gnu/h-i686-mingw32/bin/../lib/gcc/nios2-elf/4.1.2/../../../../nios2-elf/lib\libc.a(lib_a-freer.o)
 .bss           0x0101c1d4        0x0 c:/altera/12.1sp1/nios2eds/bin/gnu/h-i686-mingw32/bin/../lib/gcc/nios2-elf/4.1.2/../../../../nios2-elf/lib\libc.a(lib_a-fvwrite.o)
 .bss           0x0101c1d4        0x0 c:/altera/12.1sp1/nios2eds/bin/gnu/h-i686-mingw32/bin/../lib/gcc/nios2-elf/4.1.2/../../../../nios2-elf/lib\libc.a(lib_a-fwalk.o)
 .bss           0x0101c1d4        0x0 c:/altera/12.1sp1/nios2eds/bin/gnu/h-i686-mingw32/bin/../lib/gcc/nios2-elf/4.1.2/../../../../nios2-elf/lib\libc.a(lib_a-impure.o)
 .bss           0x0101c1d4        0x0 c:/altera/12.1sp1/nios2eds/bin/gnu/h-i686-mingw32/bin/../lib/gcc/nios2-elf/4.1.2/../../../../nios2-elf/lib\libc.a(lib_a-int_errno.o)
 .bss           0x0101c1d4        0x0 c:/altera/12.1sp1/nios2eds/bin/gnu/h-i686-mingw32/bin/../lib/gcc/nios2-elf/4.1.2/../../../../nios2-elf/lib\libc.a(lib_a-locale.o)
 .bss           0x0101c1d4        0x0 c:/altera/12.1sp1/nios2eds/bin/gnu/h-i686-mingw32/bin/../lib/gcc/nios2-elf/4.1.2/../../../../nios2-elf/lib\libc.a(lib_a-makebuf.o)
 .bss           0x0101c1d4        0x0 c:/altera/12.1sp1/nios2eds/bin/gnu/h-i686-mingw32/bin/../lib/gcc/nios2-elf/4.1.2/../../../../nios2-elf/lib\libc.a(lib_a-memchr.o)
 .bss           0x0101c1d4        0x0 c:/altera/12.1sp1/nios2eds/bin/gnu/h-i686-mingw32/bin/../lib/gcc/nios2-elf/4.1.2/../../../../nios2-elf/lib\libc.a(lib_a-memmove.o)
 .bss           0x0101c1d4        0x0 c:/altera/12.1sp1/nios2eds/bin/gnu/h-i686-mingw32/bin/../lib/gcc/nios2-elf/4.1.2/../../../../nios2-elf/lib\libc.a(lib_a-mprec.o)
 .bss           0x0101c1d4        0x0 c:/altera/12.1sp1/nios2eds/bin/gnu/h-i686-mingw32/bin/../lib/gcc/nios2-elf/4.1.2/../../../../nios2-elf/lib\libc.a(lib_a-putc.o)
 .bss           0x0101c1d4        0x0 c:/altera/12.1sp1/nios2eds/bin/gnu/h-i686-mingw32/bin/../lib/gcc/nios2-elf/4.1.2/../../../../nios2-elf/lib\libc.a(lib_a-reallocr.o)
 .bss           0x0101c1d4        0x0 c:/altera/12.1sp1/nios2eds/bin/gnu/h-i686-mingw32/bin/../lib/gcc/nios2-elf/4.1.2/../../../../nios2-elf/lib\libc.a(lib_a-s_isinfd.o)
 .bss           0x0101c1d4        0x0 c:/altera/12.1sp1/nios2eds/bin/gnu/h-i686-mingw32/bin/../lib/gcc/nios2-elf/4.1.2/../../../../nios2-elf/lib\libc.a(lib_a-s_isnand.o)
 .bss           0x0101c1d4        0x0 c:/altera/12.1sp1/nios2eds/bin/gnu/h-i686-mingw32/bin/../lib/gcc/nios2-elf/4.1.2/../../../../nios2-elf/lib\libc.a(lib_a-stdio.o)
 .bss           0x0101c1d4        0x0 c:/altera/12.1sp1/nios2eds/bin/gnu/h-i686-mingw32/bin/../lib/gcc/nios2-elf/4.1.2/../../../../nios2-elf/lib\libc.a(lib_a-strchr.o)
 .bss           0x0101c1d4        0x0 c:/altera/12.1sp1/nios2eds/bin/gnu/h-i686-mingw32/bin/../lib/gcc/nios2-elf/4.1.2/../../../../nios2-elf/lib\libc.a(lib_a-strcmp.o)
 .bss           0x0101c1d4        0x0 c:/altera/12.1sp1/nios2eds/bin/gnu/h-i686-mingw32/bin/../lib/gcc/nios2-elf/4.1.2/../../../../nios2-elf/lib\libc.a(lib_a-wbuf.o)
 .bss           0x0101c1d4        0x0 c:/altera/12.1sp1/nios2eds/bin/gnu/h-i686-mingw32/bin/../lib/gcc/nios2-elf/4.1.2/../../../../nios2-elf/lib\libc.a(lib_a-writer.o)
 .bss           0x0101c1d4        0x0 c:/altera/12.1sp1/nios2eds/bin/gnu/h-i686-mingw32/bin/../lib/gcc/nios2-elf/4.1.2/../../../../nios2-elf/lib\libc.a(lib_a-callocr.o)
 .bss           0x0101c1d4        0x0 c:/altera/12.1sp1/nios2eds/bin/gnu/h-i686-mingw32/bin/../lib/gcc/nios2-elf/4.1.2/../../../../nios2-elf/lib\libc.a(lib_a-closer.o)
 .bss           0x0101c1d4        0x0 c:/altera/12.1sp1/nios2eds/bin/gnu/h-i686-mingw32/bin/../lib/gcc/nios2-elf/4.1.2/../../../../nios2-elf/lib\libc.a(lib_a-fclose.o)
 .bss           0x0101c1d4        0x0 c:/altera/12.1sp1/nios2eds/bin/gnu/h-i686-mingw32/bin/../lib/gcc/nios2-elf/4.1.2/../../../../nios2-elf/lib\libc.a(lib_a-fstatr.o)
 .bss           0x0101c1d4        0x0 c:/altera/12.1sp1/nios2eds/bin/gnu/h-i686-mingw32/bin/../lib/gcc/nios2-elf/4.1.2/../../../../nios2-elf/lib\libc.a(lib_a-isattyr.o)
 .bss           0x0101c1d4        0x0 c:/altera/12.1sp1/nios2eds/bin/gnu/h-i686-mingw32/bin/../lib/gcc/nios2-elf/4.1.2/../../../../nios2-elf/lib\libc.a(lib_a-lseekr.o)
 .bss           0x0101c1d4        0x0 c:/altera/12.1sp1/nios2eds/bin/gnu/h-i686-mingw32/bin/../lib/gcc/nios2-elf/4.1.2/../../../../nios2-elf/lib\libc.a(lib_a-readr.o)
 .bss           0x0101c1d4        0x0 c:/altera/12.1sp1/nios2eds/bin/gnu/h-i686-mingw32/bin/../lib/gcc/nios2-elf/4.1.2\libgcc.a(_udivdi3.o)
 .bss           0x0101c1d4        0x0 c:/altera/12.1sp1/nios2eds/bin/gnu/h-i686-mingw32/bin/../lib/gcc/nios2-elf/4.1.2\libgcc.a(_umoddi3.o)
 .bss           0x0101c1d4        0x0 c:/altera/12.1sp1/nios2eds/bin/gnu/h-i686-mingw32/bin/../lib/gcc/nios2-elf/4.1.2\libgcc.a(_eq_df.o)
 .bss           0x0101c1d4        0x0 c:/altera/12.1sp1/nios2eds/bin/gnu/h-i686-mingw32/bin/../lib/gcc/nios2-elf/4.1.2\libgcc.a(_ne_df.o)
 .bss           0x0101c1d4        0x0 c:/altera/12.1sp1/nios2eds/bin/gnu/h-i686-mingw32/bin/../lib/gcc/nios2-elf/4.1.2\libgcc.a(_gt_df.o)
 .bss           0x0101c1d4        0x0 c:/altera/12.1sp1/nios2eds/bin/gnu/h-i686-mingw32/bin/../lib/gcc/nios2-elf/4.1.2\libgcc.a(_lt_df.o)
 .bss           0x0101c1d4        0x0 c:/altera/12.1sp1/nios2eds/bin/gnu/h-i686-mingw32/bin/../lib/gcc/nios2-elf/4.1.2\libgcc.a(lib2-divmod.o)
 .bss           0x0101c1d4        0x0 ../Module2_bsp/\libhal_bsp.a(alt_close.o)
 .bss           0x0101c1d4        0x0 ../Module2_bsp/\libhal_bsp.a(alt_dev.o)
 .bss           0x0101c1d4        0x0 ../Module2_bsp/\libhal_bsp.a(alt_errno.o)
 .bss           0x0101c1d4        0x0 ../Module2_bsp/\libhal_bsp.a(alt_fstat.o)
 .bss           0x0101c1d4        0x0 ../Module2_bsp/\libhal_bsp.a(alt_irq_register.o)
 .bss           0x0101c1d4        0x0 ../Module2_bsp/\libhal_bsp.a(alt_irq_vars.o)
 .bss           0x0101c1d4        0x0 ../Module2_bsp/\libhal_bsp.a(alt_isatty.o)
 .bss           0x0101c1d4        0x0 ../Module2_bsp/\libhal_bsp.a(alt_load.o)
 .bss           0x0101c1d4        0x0 ../Module2_bsp/\libhal_bsp.a(alt_lseek.o)
 .bss           0x0101c1d4        0x0 ../Module2_bsp/\libhal_bsp.a(alt_main.o)
 .bss           0x0101c1d4        0x0 ../Module2_bsp/\libhal_bsp.a(alt_malloc_lock.o)
 .bss           0x0101c1d4        0x0 ../Module2_bsp/\libhal_bsp.a(alt_read.o)
 .bss           0x0101c1d4        0x0 ../Module2_bsp/\libhal_bsp.a(alt_release_fd.o)
 .bss           0x0101c1d4        0x0 ../Module2_bsp/\libhal_bsp.a(alt_sbrk.o)
 .bss           0x0101c1d4        0x0 ../Module2_bsp/\libhal_bsp.a(alt_usleep.o)
 .bss           0x0101c1d4        0x0 ../Module2_bsp/\libhal_bsp.a(alt_write.o)
 .bss           0x0101c1d4        0x0 ../Module2_bsp/\libhal_bsp.a(alt_sys_init.o)
 .bss           0x0101c1d4        0x0 ../Module2_bsp/\libhal_bsp.a(altera_avalon_jtag_uart_fd.o)
 .bss           0x0101c1d4        0x0 ../Module2_bsp/\libhal_bsp.a(altera_avalon_jtag_uart_init.o)
 .bss           0x0101c1d4        0x0 ../Module2_bsp/\libhal_bsp.a(altera_avalon_jtag_uart_ioctl.o)
 .bss           0x0101c1d4        0x0 ../Module2_bsp/\libhal_bsp.a(altera_avalon_jtag_uart_read.o)
 .bss           0x0101c1d4        0x0 ../Module2_bsp/\libhal_bsp.a(altera_avalon_jtag_uart_write.o)
 .bss           0x0101c1d4        0x0 ../Module2_bsp/\libhal_bsp.a(altera_avalon_timer_sc.o)
 .bss           0x0101c1d4        0x0 ../Module2_bsp/\libhal_bsp.a(altera_avalon_timer_ts.o)
 .bss           0x0101c1d4        0x0 ../Module2_bsp/\libhal_bsp.a(altera_avalon_timer_vars.o)
 .bss           0x0101c1d4        0x0 ../Module2_bsp/\libhal_bsp.a(altera_up_avalon_audio.o)
 .bss           0x0101c1d4        0x0 ../Module2_bsp/\libhal_bsp.a(altera_up_avalon_audio_and_video_config.o)
 .bss           0x0101c1d4        0x0 ../Module2_bsp/\libhal_bsp.a(altera_up_avalon_rs232.o)
 .bss           0x0101c1d4        0x0 ../Module2_bsp/\libhal_bsp.a(altera_up_avalon_video_character_buffer_with_dma.o)
 .bss           0x0101c1d4        0x0 ../Module2_bsp/\libhal_bsp.a(altera_up_avalon_video_pixel_buffer_dma.o)
 .bss           0x0101c1d4        0x0 ../Module2_bsp/\libhal_bsp.a(altera_up_sd_card_avalon_interface.o)
 .bss           0x0101c1d4        0x0 ../Module2_bsp/\libhal_bsp.a(alt_alarm_start.o)
 .bss           0x0101c1d4        0x0 ../Module2_bsp/\libhal_bsp.a(alt_busy_sleep.o)
 .bss           0x0101c1d4        0x0 ../Module2_bsp/\libhal_bsp.a(alt_dcache_flush_all.o)
 .bss           0x0101c1d4        0x0 ../Module2_bsp/\libhal_bsp.a(alt_dev_llist_insert.o)
 .bss           0x0101c1d4        0x0 ../Module2_bsp/\libhal_bsp.a(alt_do_ctors.o)
 .bss           0x0101c1d4        0x0 ../Module2_bsp/\libhal_bsp.a(alt_do_dtors.o)
 .bss           0x0101c1d4        0x0 ../Module2_bsp/\libhal_bsp.a(alt_find_dev.o)
 .bss           0x0101c1d4        0x0 ../Module2_bsp/\libhal_bsp.a(alt_icache_flush_all.o)
 .bss           0x0101c1d4        0x0 ../Module2_bsp/\libhal_bsp.a(alt_io_redirect.o)
 .bss           0x0101c1d4        0x0 ../Module2_bsp/\libhal_bsp.a(alt_irq_entry.o)
 .bss           0x0101c1d4        0x0 ../Module2_bsp/\libhal_bsp.a(alt_irq_handler.o)
 .bss           0x0101c1d4        0x0 ../Module2_bsp/\libhal_bsp.a(alt_open.o)
 .bss           0x0101c1d4        0x0 ../Module2_bsp/\libhal_bsp.a(alt_tick.o)
 .bss           0x0101c1d4        0x0 ../Module2_bsp/\libhal_bsp.a(altera_nios2_qsys_irq.o)
 .bss           0x0101c1d4        0x0 ../Module2_bsp/\libhal_bsp.a(alt_exception_entry.o)
 .bss           0x0101c1d4        0x0 ../Module2_bsp/\libhal_bsp.a(alt_find_file.o)
 .bss           0x0101c1d4        0x0 ../Module2_bsp/\libhal_bsp.a(alt_get_fd.o)
 .bss           0x0101c1d4        0x0 ../Module2_bsp/\libhal_bsp.a(alt_icache_flush.o)
 .bss           0x0101c1d4        0x0 c:/altera/12.1sp1/nios2eds/bin/gnu/h-i686-mingw32/bin/../lib/gcc/nios2-elf/4.1.2/../../../../nios2-elf/lib\libc.a(lib_a-atexit.o)
 .bss           0x0101c1d4        0x0 c:/altera/12.1sp1/nios2eds/bin/gnu/h-i686-mingw32/bin/../lib/gcc/nios2-elf/4.1.2/../../../../nios2-elf/lib\libc.a(lib_a-exit.o)
 .bss           0x0101c1d4        0x0 c:/altera/12.1sp1/nios2eds/bin/gnu/h-i686-mingw32/bin/../lib/gcc/nios2-elf/4.1.2/../../../../nios2-elf/lib\libc.a(lib_a-memcmp.o)
 .bss           0x0101c1d4        0x0 c:/altera/12.1sp1/nios2eds/bin/gnu/h-i686-mingw32/bin/../lib/gcc/nios2-elf/4.1.2/../../../../nios2-elf/lib\libc.a(lib_a-__atexit.o)
 .bss           0x0101c1d4        0x0 c:/altera/12.1sp1/nios2eds/bin/gnu/h-i686-mingw32/bin/../lib/gcc/nios2-elf/4.1.2/../../../../nios2-elf/lib\libc.a(lib_a-__call_atexit.o)
 .bss           0x0101c1d4        0x0 ../Module2_bsp/\libhal_bsp.a(alt_exit.o)
 *(COMMON)
 COMMON         0x0101c1d4      0x568 ../Module2_bsp/\libhal_bsp.a(altera_up_sd_card_avalon_interface.o)
                0x0101c1d4                search_data
                0x0101c1e8                boot_sector_data
                0x0101c23c                active_files
 COMMON         0x0101c73c      0x100 ../Module2_bsp/\libhal_bsp.a(alt_irq_handler.o)
                0x0101c73c                alt_irq
 COMMON         0x0101c83c      0x190 c:/altera/12.1sp1/nios2eds/bin/gnu/h-i686-mingw32/bin/../lib/gcc/nios2-elf/4.1.2/../../../../nios2-elf/lib\libc.a(lib_a-atexit.o)
                0x0101c83c                _atexit0
                0x0101c9cc                . = ALIGN (0x4)
                0x0101c9cc                __bss_end = ABSOLUTE (.)

.onchip_memory  0x00000000        0x0 load address 0x0101c9cc
                0x00000000                PROVIDE (_alt_partition_onchip_memory_start, ABSOLUTE (.))
 *(.onchip_memory. onchip_memory.*)
                0x00000000                . = ALIGN (0x4)
                0x00000000                PROVIDE (_alt_partition_onchip_memory_end, ABSOLUTE (.))
                0x0101c9cc                PROVIDE (_alt_partition_onchip_memory_load_addr, LOADADDR (.onchip_memory))

.sdram          0x0101c9cc        0x0
                0x0101c9cc                PROVIDE (_alt_partition_sdram_start, ABSOLUTE (.))
 *(.sdram. sdram.*)
                0x0101c9cc                . = ALIGN (0x4)
                0x0101c9cc                PROVIDE (_alt_partition_sdram_end, ABSOLUTE (.))
                0x0101c9cc                _end = ABSOLUTE (.)
                0x0101c9cc                end = ABSOLUTE (.)
                0x0101c9cc                __alt_stack_base = ABSOLUTE (.)
                0x0101c9cc                PROVIDE (_alt_partition_sdram_load_addr, LOADADDR (.sdram))

.stab
 *(.stab)

.stabstr
 *(.stabstr)

.stab.excl
 *(.stab.excl)

.stab.exclstr
 *(.stab.exclstr)

.stab.index
 *(.stab.index)

.stab.indexstr
 *(.stab.indexstr)

.comment        0x00000000       0x26
 *(.comment)
 .comment       0x00000000       0x26 obj/default/src/audio.o
                                 0x27 (size before relaxing)
 .comment       0x00000000       0x27 obj/default/src/graphics.o
 .comment       0x00000000       0x27 obj/default/src/main.o
 .comment       0x00000000       0x27 obj/default/src/vga.o
 .comment       0x00000000       0x27 c:/altera/12.1sp1/nios2eds/bin/gnu/h-i686-mingw32/bin/../lib/gcc/nios2-elf/4.1.2\libgcc.a(_fixunsdfsi.o)
 .comment       0x00000000       0x27 c:/altera/12.1sp1/nios2eds/bin/gnu/h-i686-mingw32/bin/../lib/gcc/nios2-elf/4.1.2\libgcc.a(_addsub_df.o)
 .comment       0x00000000       0x27 c:/altera/12.1sp1/nios2eds/bin/gnu/h-i686-mingw32/bin/../lib/gcc/nios2-elf/4.1.2\libgcc.a(_mul_df.o)
 .comment       0x00000000       0x27 c:/altera/12.1sp1/nios2eds/bin/gnu/h-i686-mingw32/bin/../lib/gcc/nios2-elf/4.1.2\libgcc.a(_div_df.o)
 .comment       0x00000000       0x27 c:/altera/12.1sp1/nios2eds/bin/gnu/h-i686-mingw32/bin/../lib/gcc/nios2-elf/4.1.2\libgcc.a(_ge_df.o)
 .comment       0x00000000       0x27 c:/altera/12.1sp1/nios2eds/bin/gnu/h-i686-mingw32/bin/../lib/gcc/nios2-elf/4.1.2\libgcc.a(_le_df.o)
 .comment       0x00000000       0x27 c:/altera/12.1sp1/nios2eds/bin/gnu/h-i686-mingw32/bin/../lib/gcc/nios2-elf/4.1.2\libgcc.a(_si_to_df.o)
 .comment       0x00000000       0x27 c:/altera/12.1sp1/nios2eds/bin/gnu/h-i686-mingw32/bin/../lib/gcc/nios2-elf/4.1.2\libgcc.a(_df_to_si.o)
 .comment       0x00000000       0x27 c:/altera/12.1sp1/nios2eds/bin/gnu/h-i686-mingw32/bin/../lib/gcc/nios2-elf/4.1.2\libgcc.a(_thenan_df.o)
 .comment       0x00000000       0x27 c:/altera/12.1sp1/nios2eds/bin/gnu/h-i686-mingw32/bin/../lib/gcc/nios2-elf/4.1.2\libgcc.a(_usi_to_df.o)
 .comment       0x00000000       0x27 c:/altera/12.1sp1/nios2eds/bin/gnu/h-i686-mingw32/bin/../lib/gcc/nios2-elf/4.1.2\libgcc.a(_muldi3.o)
 .comment       0x00000000       0x27 c:/altera/12.1sp1/nios2eds/bin/gnu/h-i686-mingw32/bin/../lib/gcc/nios2-elf/4.1.2\libgcc.a(_clzsi2.o)
 .comment       0x00000000       0x27 c:/altera/12.1sp1/nios2eds/bin/gnu/h-i686-mingw32/bin/../lib/gcc/nios2-elf/4.1.2\libgcc.a(_pack_df.o)
 .comment       0x00000000       0x27 c:/altera/12.1sp1/nios2eds/bin/gnu/h-i686-mingw32/bin/../lib/gcc/nios2-elf/4.1.2\libgcc.a(_unpack_df.o)
 .comment       0x00000000       0x27 c:/altera/12.1sp1/nios2eds/bin/gnu/h-i686-mingw32/bin/../lib/gcc/nios2-elf/4.1.2\libgcc.a(_fpcmp_parts_df.o)
 .comment       0x00000000       0x27 c:/altera/12.1sp1/nios2eds/bin/gnu/h-i686-mingw32/bin/../lib/gcc/nios2-elf/4.1.2\libgcc.a(_clz.o)
 .comment       0x00000000       0x27 c:/altera/12.1sp1/nios2eds/bin/gnu/h-i686-mingw32/bin/../lib/gcc/nios2-elf/4.1.2/../../../../nios2-elf/lib\libc.a(lib_a-malloc.o)
 .comment       0x00000000       0x27 c:/altera/12.1sp1/nios2eds/bin/gnu/h-i686-mingw32/bin/../lib/gcc/nios2-elf/4.1.2/../../../../nios2-elf/lib\libc.a(lib_a-mallocr.o)
 .comment       0x00000000       0x27 c:/altera/12.1sp1/nios2eds/bin/gnu/h-i686-mingw32/bin/../lib/gcc/nios2-elf/4.1.2/../../../../nios2-elf/lib\libc.a(lib_a-memcpy.o)
 .comment       0x00000000       0x27 c:/altera/12.1sp1/nios2eds/bin/gnu/h-i686-mingw32/bin/../lib/gcc/nios2-elf/4.1.2/../../../../nios2-elf/lib\libc.a(lib_a-memset.o)
 .comment       0x00000000       0x27 c:/altera/12.1sp1/nios2eds/bin/gnu/h-i686-mingw32/bin/../lib/gcc/nios2-elf/4.1.2/../../../../nios2-elf/lib\libc.a(lib_a-printf.o)
 .comment       0x00000000       0x27 c:/altera/12.1sp1/nios2eds/bin/gnu/h-i686-mingw32/bin/../lib/gcc/nios2-elf/4.1.2/../../../../nios2-elf/lib\libc.a(lib_a-putchar.o)
 .comment       0x00000000       0x27 c:/altera/12.1sp1/nios2eds/bin/gnu/h-i686-mingw32/bin/../lib/gcc/nios2-elf/4.1.2/../../../../nios2-elf/lib\libc.a(lib_a-puts.o)
 .comment       0x00000000       0x27 c:/altera/12.1sp1/nios2eds/bin/gnu/h-i686-mingw32/bin/../lib/gcc/nios2-elf/4.1.2/../../../../nios2-elf/lib\libc.a(lib_a-sbrkr.o)
 .comment       0x00000000       0x27 c:/altera/12.1sp1/nios2eds/bin/gnu/h-i686-mingw32/bin/../lib/gcc/nios2-elf/4.1.2/../../../../nios2-elf/lib\libc.a(lib_a-sprintf.o)
 .comment       0x00000000       0x27 c:/altera/12.1sp1/nios2eds/bin/gnu/h-i686-mingw32/bin/../lib/gcc/nios2-elf/4.1.2/../../../../nios2-elf/lib\libc.a(lib_a-strcat.o)
 .comment       0x00000000       0x27 c:/altera/12.1sp1/nios2eds/bin/gnu/h-i686-mingw32/bin/../lib/gcc/nios2-elf/4.1.2/../../../../nios2-elf/lib\libc.a(lib_a-strcpy.o)
 .comment       0x00000000       0x27 c:/altera/12.1sp1/nios2eds/bin/gnu/h-i686-mingw32/bin/../lib/gcc/nios2-elf/4.1.2/../../../../nios2-elf/lib\libc.a(lib_a-strlen.o)
 .comment       0x00000000       0x27 c:/altera/12.1sp1/nios2eds/bin/gnu/h-i686-mingw32/bin/../lib/gcc/nios2-elf/4.1.2/../../../../nios2-elf/lib\libc.a(lib_a-strrchr.o)
 .comment       0x00000000       0x27 c:/altera/12.1sp1/nios2eds/bin/gnu/h-i686-mingw32/bin/../lib/gcc/nios2-elf/4.1.2/../../../../nios2-elf/lib\libc.a(lib_a-vfprintf.o)
 .comment       0x00000000       0x27 c:/altera/12.1sp1/nios2eds/bin/gnu/h-i686-mingw32/bin/../lib/gcc/nios2-elf/4.1.2/../../../../nios2-elf/lib\libc.a(lib_a-wsetup.o)
 .comment       0x00000000       0x27 c:/altera/12.1sp1/nios2eds/bin/gnu/h-i686-mingw32/bin/../lib/gcc/nios2-elf/4.1.2/../../../../nios2-elf/lib\libc.a(lib_a-dtoa.o)
 .comment       0x00000000       0x27 c:/altera/12.1sp1/nios2eds/bin/gnu/h-i686-mingw32/bin/../lib/gcc/nios2-elf/4.1.2/../../../../nios2-elf/lib\libc.a(lib_a-fflush.o)
 .comment       0x00000000       0x27 c:/altera/12.1sp1/nios2eds/bin/gnu/h-i686-mingw32/bin/../lib/gcc/nios2-elf/4.1.2/../../../../nios2-elf/lib\libc.a(lib_a-findfp.o)
 .comment       0x00000000       0x27 c:/altera/12.1sp1/nios2eds/bin/gnu/h-i686-mingw32/bin/../lib/gcc/nios2-elf/4.1.2/../../../../nios2-elf/lib\libc.a(lib_a-freer.o)
 .comment       0x00000000       0x27 c:/altera/12.1sp1/nios2eds/bin/gnu/h-i686-mingw32/bin/../lib/gcc/nios2-elf/4.1.2/../../../../nios2-elf/lib\libc.a(lib_a-fvwrite.o)
 .comment       0x00000000       0x27 c:/altera/12.1sp1/nios2eds/bin/gnu/h-i686-mingw32/bin/../lib/gcc/nios2-elf/4.1.2/../../../../nios2-elf/lib\libc.a(lib_a-fwalk.o)
 .comment       0x00000000       0x27 c:/altera/12.1sp1/nios2eds/bin/gnu/h-i686-mingw32/bin/../lib/gcc/nios2-elf/4.1.2/../../../../nios2-elf/lib\libc.a(lib_a-impure.o)
 .comment       0x00000000       0x27 c:/altera/12.1sp1/nios2eds/bin/gnu/h-i686-mingw32/bin/../lib/gcc/nios2-elf/4.1.2/../../../../nios2-elf/lib\libc.a(lib_a-int_errno.o)